C:/Users/Chris/STM32CubeIDE/workspace_1.16.1/STM32L431RBT6TR_Template_Repository/SoarOS/Drivers/Inc/UARTDriver.hpp:37:2:UARTDriver::UARTDriver(USART_TypeDef*)	16	static
C:/Users/Chris/STM32CubeIDE/workspace_1.16.1/STM32L431RBT6TR_Template_Repository/SoarOS/CubeTask.hpp:32:22:static CubeTask& CubeTask::Inst()	8	static
C:/Users/Chris/STM32CubeIDE/workspace_1.16.1/STM32L431RBT6TR_Template_Repository/SoarOS/CubeTask.hpp:47:5:CubeTask::CubeTask()	16	static
C:/Users/Chris/STM32CubeIDE/workspace_1.16.1/STM32L431RBT6TR_Template_Repository/Core/Src/OscillatorTask.hpp:43:26:static OscillatorTask& OscillatorTask::Inst()	8	static
C:/Users/Chris/STM32CubeIDE/workspace_1.16.1/STM32L431RBT6TR_Template_Repository/Core/Src/OscillatorLogger.hpp:36:30:static OscillatorLogger& OscillatorLogger::Inst()	8	static
../Components/main_system.cpp:28:6:void run_main()	8	static
../Components/main_system.cpp:54:1:void __static_initialization_and_destruction_0(int, int)	16	static
../Components/main_system.cpp:54:1:cpp)	8	static
