/Users/gillianhabermehl/Documents/SOAR/STM32L431RBT6TR_Template_Repository/SoarOS/Drivers/Inc/UARTDriver.hpp:37:2:UARTDriver::UARTDriver(USART_TypeDef*)	16	static
/Users/gillianhabermehl/Documents/SOAR/STM32L431RBT6TR_Template_Repository/SoarOS/CubeTask.hpp:32:22:static CubeTask& CubeTask::Inst()	8	static
/Users/gillianhabermehl/Documents/SOAR/STM32L431RBT6TR_Template_Repository/SoarOS/CubeTask.hpp:47:5:CubeTask::CubeTask()	16	static
/Users/gillianhabermehl/Documents/SOAR/STM32L431RBT6TR_Template_Repository/SoarDebug/Inc/DebugTask.hpp:26:21:static DebugTask& DebugTask::Inst()	8	static
/Users/gillianhabermehl/Documents/SOAR/STM32L431RBT6TR_Template_Repository/Core/Src/OscillatorTask.hpp:37:26:static OscillatorTask& OscillatorTask::Inst()	8	static
../Components/main_system.cpp:27:6:void run_main()	8	static
../Components/main_system.cpp:54:1:void __static_initialization_and_destruction_0()	8	static
../Components/main_system.cpp:54:1:cpp)	8	static
