Archive member included to satisfy reference by file (symbol)

C:/ST/STM32CubeIDE_1.16.1/STM32CubeIDE/plugins/com.st.stm32cube.ide.mcu.externaltools.gnu-tools-for-stm32.12.3.rel1.win32_1.0.200.202406191623/tools/bin/../lib/gcc/arm-none-eabi/12.3.1/../../../../arm-none-eabi/lib/thumb/v7e-m+fp/hard\libstdc++_nano.a(guard.o)
                              ./Components/main_system.o (__cxa_guard_acquire)
C:/ST/STM32CubeIDE_1.16.1/STM32CubeIDE/plugins/com.st.stm32cube.ide.mcu.externaltools.gnu-tools-for-stm32.12.3.rel1.win32_1.0.200.202406191623/tools/bin/../lib/gcc/arm-none-eabi/12.3.1/../../../../arm-none-eabi/lib/thumb/v7e-m+fp/hard\libc_nano.a(libc_a-exit.o)
                              C:/ST/STM32CubeIDE_1.16.1/STM32CubeIDE/plugins/com.st.stm32cube.ide.mcu.externaltools.gnu-tools-for-stm32.12.3.rel1.win32_1.0.200.202406191623/tools/bin/../lib/gcc/arm-none-eabi/12.3.1/../../../../arm-none-eabi/lib/thumb/v7e-m+fp/hard/crt0.o (exit)
C:/ST/STM32CubeIDE_1.16.1/STM32CubeIDE/plugins/com.st.stm32cube.ide.mcu.externaltools.gnu-tools-for-stm32.12.3.rel1.win32_1.0.200.202406191623/tools/bin/../lib/gcc/arm-none-eabi/12.3.1/../../../../arm-none-eabi/lib/thumb/v7e-m+fp/hard\libc_nano.a(libc_a-findfp.o)
                              ./Middlewares/Third_Party/FreeRTOS/Source/tasks.o (__sf)
C:/ST/STM32CubeIDE_1.16.1/STM32CubeIDE/plugins/com.st.stm32cube.ide.mcu.externaltools.gnu-tools-for-stm32.12.3.rel1.win32_1.0.200.202406191623/tools/bin/../lib/gcc/arm-none-eabi/12.3.1/../../../../arm-none-eabi/lib/thumb/v7e-m+fp/hard\libc_nano.a(libc_a-fwalk.o)
                              C:/ST/STM32CubeIDE_1.16.1/STM32CubeIDE/plugins/com.st.stm32cube.ide.mcu.externaltools.gnu-tools-for-stm32.12.3.rel1.win32_1.0.200.202406191623/tools/bin/../lib/gcc/arm-none-eabi/12.3.1/../../../../arm-none-eabi/lib/thumb/v7e-m+fp/hard\libc_nano.a(libc_a-findfp.o) (_fwalk_sglue)
C:/ST/STM32CubeIDE_1.16.1/STM32CubeIDE/plugins/com.st.stm32cube.ide.mcu.externaltools.gnu-tools-for-stm32.12.3.rel1.win32_1.0.200.202406191623/tools/bin/../lib/gcc/arm-none-eabi/12.3.1/../../../../arm-none-eabi/lib/thumb/v7e-m+fp/hard\libc_nano.a(libc_a-snprintf.o)
                              ./SoarOS/CubeDefines.o (snprintf)
C:/ST/STM32CubeIDE_1.16.1/STM32CubeIDE/plugins/com.st.stm32cube.ide.mcu.externaltools.gnu-tools-for-stm32.12.3.rel1.win32_1.0.200.202406191623/tools/bin/../lib/gcc/arm-none-eabi/12.3.1/../../../../arm-none-eabi/lib/thumb/v7e-m+fp/hard\libc_nano.a(libc_a-stdio.o)
                              C:/ST/STM32CubeIDE_1.16.1/STM32CubeIDE/plugins/com.st.stm32cube.ide.mcu.externaltools.gnu-tools-for-stm32.12.3.rel1.win32_1.0.200.202406191623/tools/bin/../lib/gcc/arm-none-eabi/12.3.1/../../../../arm-none-eabi/lib/thumb/v7e-m+fp/hard\libc_nano.a(libc_a-findfp.o) (__sread)
C:/ST/STM32CubeIDE_1.16.1/STM32CubeIDE/plugins/com.st.stm32cube.ide.mcu.externaltools.gnu-tools-for-stm32.12.3.rel1.win32_1.0.200.202406191623/tools/bin/../lib/gcc/arm-none-eabi/12.3.1/../../../../arm-none-eabi/lib/thumb/v7e-m+fp/hard\libc_nano.a(libc_a-vsnprintf.o)
                              ./SoarOS/CubeDefines.o (vsnprintf)
C:/ST/STM32CubeIDE_1.16.1/STM32CubeIDE/plugins/com.st.stm32cube.ide.mcu.externaltools.gnu-tools-for-stm32.12.3.rel1.win32_1.0.200.202406191623/tools/bin/../lib/gcc/arm-none-eabi/12.3.1/../../../../arm-none-eabi/lib/thumb/v7e-m+fp/hard\libc_nano.a(libc_a-memset.o)
                              C:/ST/STM32CubeIDE_1.16.1/STM32CubeIDE/plugins/com.st.stm32cube.ide.mcu.externaltools.gnu-tools-for-stm32.12.3.rel1.win32_1.0.200.202406191623/tools/bin/../lib/gcc/arm-none-eabi/12.3.1/../../../../arm-none-eabi/lib/thumb/v7e-m+fp/hard/crt0.o (memset)
C:/ST/STM32CubeIDE_1.16.1/STM32CubeIDE/plugins/com.st.stm32cube.ide.mcu.externaltools.gnu-tools-for-stm32.12.3.rel1.win32_1.0.200.202406191623/tools/bin/../lib/gcc/arm-none-eabi/12.3.1/../../../../arm-none-eabi/lib/thumb/v7e-m+fp/hard\libc_nano.a(libc_a-closer.o)
                              C:/ST/STM32CubeIDE_1.16.1/STM32CubeIDE/plugins/com.st.stm32cube.ide.mcu.externaltools.gnu-tools-for-stm32.12.3.rel1.win32_1.0.200.202406191623/tools/bin/../lib/gcc/arm-none-eabi/12.3.1/../../../../arm-none-eabi/lib/thumb/v7e-m+fp/hard\libc_nano.a(libc_a-stdio.o) (_close_r)
C:/ST/STM32CubeIDE_1.16.1/STM32CubeIDE/plugins/com.st.stm32cube.ide.mcu.externaltools.gnu-tools-for-stm32.12.3.rel1.win32_1.0.200.202406191623/tools/bin/../lib/gcc/arm-none-eabi/12.3.1/../../../../arm-none-eabi/lib/thumb/v7e-m+fp/hard\libc_nano.a(libc_a-reent.o)
                              ./Middlewares/Third_Party/FreeRTOS/Source/tasks.o (_reclaim_reent)
C:/ST/STM32CubeIDE_1.16.1/STM32CubeIDE/plugins/com.st.stm32cube.ide.mcu.externaltools.gnu-tools-for-stm32.12.3.rel1.win32_1.0.200.202406191623/tools/bin/../lib/gcc/arm-none-eabi/12.3.1/../../../../arm-none-eabi/lib/thumb/v7e-m+fp/hard\libc_nano.a(libc_a-impure.o)
                              ./Middlewares/Third_Party/FreeRTOS/Source/tasks.o (_impure_ptr)
[...]
Memory Configuration

Name             Origin             Length             Attributes
RAM              0x20000000         0x0000c000         xrw
RAM2             0x10000000         0x00004000         xrw
FLASH            0x08000000         0x00020000         xr
*default*        0x00000000         0xffffffff

Linker script and memory map

LOAD C:/ST/STM32CubeIDE_1.16.1/STM32CubeIDE/plugins/com.st.stm32cube.ide.mcu.externaltools.gnu-tools-for-stm32.12.3.rel1.win32_1.0.200.202406191623/tools/bin/../lib/gcc/arm-none-eabi/12.3.1/thumb/v7e-m+fp/hard/crti.o
LOAD C:/ST/STM32CubeIDE_1.16.1/STM32CubeIDE/plugins/com.st.stm32cube.ide.mcu.externaltools.gnu-tools-for-stm32.12.3.rel1.win32_1.0.200.202406191623/tools/bin/../lib/gcc/arm-none-eabi/12.3.1/thumb/v7e-m+fp/hard/crtbegin.o
LOAD C:/ST/STM32CubeIDE_1.16.1/STM32CubeIDE/plugins/com.st.stm32cube.ide.mcu.externaltools.gnu-tools-for-stm32.12.3.rel1.win32_1.0.200.202406191623/tools/bin/../lib/gcc/arm-none-eabi/12.3.1/../../../../arm-none-eabi/lib/thumb/v7e-m+fp/hard/crt0.o
LOAD ./Components/RunInterface.o
LOAD ./Components/main_system.o
LOAD ./Core/Src/OscillatorLogger.o
LOAD ./Core/Src/OscillatorTask.o
LOAD ./Core/Src/freertos.o
LOAD ./Core/Src/lis3dh_init.o
LOAD ./Core/Src/lis3dh_utils.o
LOAD ./Core/Src/main.o
LOAD ./Core/Src/stm32l4xx_hal_msp.o
LOAD ./Core/Src/stm32l4xx_hal_timebase_tim.o
LOAD ./Core/Src/stm32l4xx_it.o
LOAD ./Core/Src/syscalls.o
LOAD ./Core/Src/sysmem.o
LOAD ./Core/Src/system_stm32l4xx.o
LOAD ./Core/Startup/startup_stm32l431rbtx.o
LOAD ./Drivers/LIS3DH_Driver/lis3dh_reg.o
LOAD ./Drivers/STM32L4xx_HAL_Driver/Src/stm32l4xx_hal.o
LOAD ./Drivers/STM32L4xx_HAL_Driver/Src/stm32l4xx_hal_cortex.o
LOAD ./Drivers/STM32L4xx_HAL_Driver/Src/stm32l4xx_hal_crc.o
LOAD ./Drivers/STM32L4xx_HAL_Driver/Src/stm32l4xx_hal_crc_ex.o
LOAD ./Drivers/STM32L4xx_HAL_Driver/Src/stm32l4xx_hal_dma.o
LOAD ./Drivers/STM32L4xx_HAL_Driver/Src/stm32l4xx_hal_dma_ex.o
LOAD ./Drivers/STM32L4xx_HAL_Driver/Src/stm32l4xx_hal_exti.o
LOAD ./Drivers/STM32L4xx_HAL_Driver/Src/stm32l4xx_hal_flash.o
LOAD ./Drivers/STM32L4xx_HAL_Driver/Src/stm32l4xx_hal_flash_ex.o
LOAD ./Drivers/STM32L4xx_HAL_Driver/Src/stm32l4xx_hal_flash_ramfunc.o
LOAD ./Drivers/STM32L4xx_HAL_Driver/Src/stm32l4xx_hal_gpio.o
LOAD ./Drivers/STM32L4xx_HAL_Driver/Src/stm32l4xx_hal_i2c.o
LOAD ./Drivers/STM32L4xx_HAL_Driver/Src/stm32l4xx_hal_i2c_ex.o
LOAD ./Drivers/STM32L4xx_HAL_Driver/Src/stm32l4xx_hal_pwr.o
LOAD ./Drivers/STM32L4xx_HAL_Driver/Src/stm32l4xx_hal_pwr_ex.o
LOAD ./Drivers/STM32L4xx_HAL_Driver/Src/stm32l4xx_hal_rcc.o
LOAD ./Drivers/STM32L4xx_HAL_Driver/Src/stm32l4xx_hal_rcc_ex.o
LOAD ./Drivers/STM32L4xx_HAL_Driver/Src/stm32l4xx_hal_tim.o
LOAD ./Drivers/STM32L4xx_HAL_Driver/Src/stm32l4xx_hal_tim_ex.o
LOAD ./Drivers/STM32L4xx_HAL_Driver/Src/stm32l4xx_ll_dma.o
LOAD ./Drivers/STM32L4xx_HAL_Driver/Src/stm32l4xx_ll_exti.o
LOAD ./Drivers/STM32L4xx_HAL_Driver/Src/stm32l4xx_ll_gpio.o
LOAD ./Drivers/STM32L4xx_HAL_Driver/Src/stm32l4xx_ll_rcc.o
LOAD ./Drivers/STM32L4xx_HAL_Driver/Src/stm32l4xx_ll_usart.o
LOAD ./Drivers/STM32L4xx_HAL_Driver/Src/stm32l4xx_ll_utils.o
LOAD ./Middlewares/Third_Party/FreeRTOS/Source/CMSIS_RTOS/cmsis_os.o
LOAD ./Middlewares/Third_Party/FreeRTOS/Source/croutine.o
LOAD ./Middlewares/Third_Party/FreeRTOS/Source/event_groups.o
LOAD ./Middlewares/Third_Party/FreeRTOS/Source/list.o
LOAD ./Middlewares/Third_Party/FreeRTOS/Source/queue.o
LOAD ./Middlewares/Third_Party/FreeRTOS/Source/stream_buffer.o
LOAD ./Middlewares/Third_Party/FreeRTOS/Source/tasks.o
LOAD ./Middlewares/Third_Party/FreeRTOS/Source/timers.o
LOAD ./Middlewares/Third_Party/FreeRTOS/Source/portable/GCC/ARM_CM4F/port.o
LOAD ./Middlewares/Third_Party/FreeRTOS/Source/portable/MemMang/heap_4.o
LOAD ./SoarDebug/DebugTask.o
LOAD ./SoarOS/Core/Command.o
LOAD ./SoarOS/Core/CubeUtils.o
LOAD ./SoarOS/Core/Mutex.o
LOAD ./SoarOS/Core/Queue.o
LOAD ./SoarOS/Core/Task.o
LOAD ./SoarOS/Core/Timer.o
LOAD ./SoarOS/CubeDefines.o
LOAD ./SoarOS/CubeTask.o
LOAD ./SoarOS/Drivers/UARTDriver.o
START GROUP
LOAD C:/ST/STM32CubeIDE_1.16.1/STM32CubeIDE/plugins/com.st.stm32cube.ide.mcu.externaltools.gnu-tools-for-stm32.12.3.rel1.win32_1.0.200.202406191623/tools/bin/../lib/gcc/arm-none-eabi/12.3.1/../../../../arm-none-eabi/lib/thumb/v7e-m+fp/hard\libstdc++_nano.a
LOAD C:/ST/STM32CubeIDE_1.16.1/STM32CubeIDE/plugins/com.st.stm32cube.ide.mcu.externaltools.gnu-tools-for-stm32.12.3.rel1.win32_1.0.200.202406191623/tools/bin/../lib/gcc/arm-none-eabi/12.3.1/../../../../arm-none-eabi/lib/thumb/v7e-m+fp/hard\libsupc++_nano.a
END GROUP
LOAD C:/ST/STM32CubeIDE_1.16.1/STM32CubeIDE/plugins/com.st.stm32cube.ide.mcu.externaltools.gnu-tools-for-stm32.12.3.rel1.win32_1.0.200.202406191623/tools/bin/../lib/gcc/arm-none-eabi/12.3.1/../../../../arm-none-eabi/lib/thumb/v7e-m+fp/hard\libstdc++_nano.a
LOAD C:/ST/STM32CubeIDE_1.16.1/STM32CubeIDE/plugins/com.st.stm32cube.ide.mcu.externaltools.gnu-tools-for-stm32.12.3.rel1.win32_1.0.200.202406191623/tools/bin/../lib/gcc/arm-none-eabi/12.3.1/../../../../arm-none-eabi/lib/thumb/v7e-m+fp/hard\libm.a
LOAD C:/ST/STM32CubeIDE_1.16.1/STM32CubeIDE/plugins/com.st.stm32cube.ide.mcu.externaltools.gnu-tools-for-stm32.12.3.rel1.win32_1.0.200.202406191623/tools/bin/../lib/gcc/arm-none-eabi/12.3.1/../../../../arm-none-eabi/lib/thumb/v7e-m+fp/hard\libc_nano.a
START GROUP
LOAD C:/ST/STM32CubeIDE_1.16.1/STM32CubeIDE/plugins/com.st.stm32cube.ide.mcu.externaltools.gnu-tools-for-stm32.12.3.rel1.win32_1.0.200.202406191623/tools/bin/../lib/gcc/arm-none-eabi/12.3.1/thumb/v7e-m+fp/hard\libgcc.a
LOAD C:/ST/STM32CubeIDE_1.16.1/STM32CubeIDE/plugins/com.st.stm32cube.ide.mcu.externaltools.gnu-tools-for-stm32.12.3.rel1.win32_1.0.200.202406191623/tools/bin/../lib/gcc/arm-none-eabi/12.3.1/../../../../arm-none-eabi/lib/thumb/v7e-m+fp/hard\libc_nano.a
END GROUP
START GROUP
LOAD C:/ST/STM32CubeIDE_1.16.1/STM32CubeIDE/plugins/com.st.stm32cube.ide.mcu.externaltools.gnu-tools-for-stm32.12.3.rel1.win32_1.0.200.202406191623/tools/bin/../lib/gcc/arm-none-eabi/12.3.1/thumb/v7e-m+fp/hard\libgcc.a
LOAD C:/ST/STM32CubeIDE_1.16.1/STM32CubeIDE/plugins/com.st.stm32cube.ide.mcu.externaltools.gnu-tools-for-stm32.12.3.rel1.win32_1.0.200.202406191623/tools/bin/../lib/gcc/arm-none-eabi/12.3.1/../../../../arm-none-eabi/lib/thumb/v7e-m+fp/hard\libc_nano.a
LOAD C:/ST/STM32CubeIDE_1.16.1/STM32CubeIDE/plugins/com.st.stm32cube.ide.mcu.externaltools.gnu-tools-for-stm32.12.3.rel1.win32_1.0.200.202406191623/tools/bin/../lib/gcc/arm-none-eabi/12.3.1/../../../../arm-none-eabi/lib/thumb/v7e-m+fp/hard\libnosys.a
END GROUP
START GROUP
LOAD C:/ST/STM32CubeIDE_1.16.1/STM32CubeIDE/plugins/com.st.stm32cube.ide.mcu.externaltools.gnu-tools-for-stm32.12.3.rel1.win32_1.0.200.202406191623/tools/bin/../lib/gcc/arm-none-eabi/12.3.1/thumb/v7e-m+fp/hard\libgcc.a
LOAD C:/ST/STM32CubeIDE_1.16.1/STM32CubeIDE/plugins/com.st.stm32cube.ide.mcu.externaltools.gnu-tools-for-stm32.12.3.rel1.win32_1.0.200.202406191623/tools/bin/../lib/gcc/arm-none-eabi/12.3.1/../../../../arm-none-eabi/lib/thumb/v7e-m+fp/hard\libc_nano.a
LOAD C:/ST/STM32CubeIDE_1.16.1/STM32CubeIDE/plugins/com.st.stm32cube.ide.mcu.externaltools.gnu-tools-for-stm32.12.3.rel1.win32_1.0.200.202406191623/tools/bin/../lib/gcc/arm-none-eabi/12.3.1/../../../../arm-none-eabi/lib/thumb/v7e-m+fp/hard\libnosys.a
END GROUP
LOAD C:/ST/STM32CubeIDE_1.16.1/STM32CubeIDE/plugins/com.st.stm32cube.ide.mcu.externaltools.gnu-tools-for-stm32.12.3.rel1.win32_1.0.200.202406191623/tools/bin/../lib/gcc/arm-none-eabi/12.3.1/thumb/v7e-m+fp/hard/crtend.o
LOAD C:/ST/STM32CubeIDE_1.16.1/STM32CubeIDE/plugins/com.st.stm32cube.ide.mcu.externaltools.gnu-tools-for-stm32.12.3.rel1.win32_1.0.200.202406191623/tools/bin/../lib/gcc/arm-none-eabi/12.3.1/thumb/v7e-m+fp/hard/crtn.o
                0x2000c000                        _estack = (ORIGIN (RAM) + LENGTH (RAM))
                0x00000200                        _Min_Heap_Size = 0x200
                0x00000400                        _Min_Stack_Size = 0x400

.isr_vector     0x08000000      0x18c
                0x08000000                        . = ALIGN (0x4)
 *(.isr_vector)
 .isr_vector    0x08000000      0x18c ./Core/Startup/startup_stm32l431rbtx.o
                0x08000000                g_pfnVectors
                0x0800018c                        . = ALIGN (0x4)

.text           0x08000190     0x937c
                0x08000190                        . = ALIGN (0x4)
 *(.text)
 .text          0x08000190       0x40 C:/ST/STM32CubeIDE_1.16.1/STM32CubeIDE/plugins/com.st.stm32cube.ide.mcu.externaltools.gnu-tools-for-stm32.12.3.rel1.win32_1.0.200.202406191623/tools/bin/../lib/gcc/arm-none-eabi/12.3.1/thumb/v7e-m+fp/hard/crtbegin.o
 .text          0x080001d0       0x14 C:/ST/STM32CubeIDE_1.16.1/STM32CubeIDE/plugins/com.st.stm32cube.ide.mcu.externaltools.gnu-tools-for-stm32.12.3.rel1.win32_1.0.200.202406191623/tools/bin/../lib/gcc/arm-none-eabi/12.3.1/../../../../arm-none-eabi/lib/thumb/v7e-m+fp/hard\libc_nano.a(libc_a-strcmp.o)
                0x080001d0                strcmp
 .text          0x080001e4       0x10 C:/ST/STM32CubeIDE_1.16.1/STM32CubeIDE/plugins/com.st.stm32cube.ide.mcu.externaltools.gnu-tools-for-stm32.12.3.rel1.win32_1.0.200.202406191623/tools/bin/../lib/gcc/arm-none-eabi/12.3.1/../../../../arm-none-eabi/lib/thumb/v7e-m+fp/hard\libc_nano.a(libc_a-strlen.o)
                0x080001e4                strlen
 *fill*         0x080001f4        0xc 
 .text          0x08000200       0xa0 C:/ST/STM32CubeIDE_1.16.1/STM32CubeIDE/plugins/com.st.stm32cube.ide.mcu.externaltools.gnu-tools-for-stm32.12.3.rel1.win32_1.0.200.202406191623/tools/bin/../lib/gcc/arm-none-eabi/12.3.1/../../../../arm-none-eabi/lib/thumb/v7e-m+fp/hard\libc_nano.a(libc_a-memchr.o)
                0x08000200                memchr
 *(.text*)
 .text.run_interface
                0x080002a0        0xc ./Components/RunInterface.o
                0x080002a0                run_interface
 .text.cpp_USART1_IRQHandler
                0x080002ac       0x14 ./Components/RunInterface.o
                0x080002ac                cpp_USART1_IRQHandler
 .text._ZN10UARTDriverC2EP13USART_TypeDef
                0x080002c0       0x2a ./Components/main_system.o
                0x080002c0                UARTDriver::UARTDriver(USART_TypeDef*)
                0x080002c0                UARTDriver::UARTDriver(USART_TypeDef*)
 *fill*         0x080002ea        0x2 
 .text._ZN8CubeTask4InstEv
                0x080002ec       0x50 ./Components/main_system.o
                0x080002ec                CubeTask::Inst()
 .text._ZN8CubeTaskC2Ev
                0x0800033c       0x28 ./Components/main_system.o
                0x0800033c                CubeTask::CubeTask()
                0x0800033c                CubeTask::CubeTask()
 .text._ZN14OscillatorTask4InstEv
                0x08000364       0x50 ./Components/main_system.o
                0x08000364                OscillatorTask::Inst()
 .text._ZN16OscillatorLogger4InstEv
                0x080003b4       0x50 ./Components/main_system.o
                0x080003b4                OscillatorLogger::Inst()
 .text._Z8run_mainv
                0x08000404       0x8c ./Components/main_system.o
                0x08000404                run_main()
 .text._Z41__static_initialization_and_destruction_0ii
                0x08000490       0x34 ./Components/main_system.o
 .text._GLOBAL__sub_I__ZN6Driver5uart1E
                0x080004c4       0x10 ./Components/main_system.o
 .text._ZNK14OscillatorTask8FlashEndEv
                0x080004d4       0x18 ./Core/Src/OscillatorLogger.o
                0x080004d4                OscillatorTask::FlashEnd() const
 .text._ZN14OscillatorTask13LoggingStatusEv
                0x080004ec       0x18 ./Core/Src/OscillatorLogger.o
                0x080004ec                OscillatorTask::LoggingStatus()
 .text._ZN16OscillatorLogger7RunTaskEPv
                0x08000504       0x18 ./Core/Src/OscillatorLogger.o
                0x08000504                OscillatorLogger::RunTask(void*)
 .text._ZN16OscillatorLoggerC2Ev
                0x0800051c       0x30 ./Core/Src/OscillatorLogger.o
                0x0800051c                OscillatorLogger::OscillatorLogger()
                0x0800051c                OscillatorLogger::OscillatorLogger()
 .text._ZN16OscillatorLogger8InitTaskEv
                0x0800054c       0x64 ./Core/Src/OscillatorLogger.o
                0x0800054c                OscillatorLogger::InitTask()
 .text._ZN16OscillatorLogger3RunEPv
                0x080005b0      0x1c0 ./Core/Src/OscillatorLogger.o
                0x080005b0                OscillatorLogger::Run(void*)
 .text._ZN16OscillatorLogger9DumpFlashEv
                0x08000770       0xb0 ./Core/Src/OscillatorLogger.o
                0x08000770                OscillatorLogger::DumpFlash()
 .text._ZNK7Command10GetCommandEv
                0x08000820       0x18 ./Core/Src/OscillatorTask.o
                0x08000820                Command::GetCommand() const
 .text._ZNK7Command14GetTaskCommandEv
                0x08000838       0x18 ./Core/Src/OscillatorTask.o
                0x08000838                Command::GetTaskCommand() const
 .text._ZN14OscillatorTask7RunTaskEPv
                0x08000850       0x1e ./Core/Src/OscillatorTask.o
                0x08000850                OscillatorTask::RunTask(void*)
 *fill*         0x0800086e        0x2 
 .text._ZN16UARTReceiverBaseC2Ev
                0x08000870       0x20 ./Core/Src/OscillatorTask.o
                0x08000870                UARTReceiverBase::UARTReceiverBase()
                0x08000870                UARTReceiverBase::UARTReceiverBase()
 .text._ZN14OscillatorTaskC2Ev
                0x08000890       0x90 ./Core/Src/OscillatorTask.o
                0x08000890                OscillatorTask::OscillatorTask()
                0x08000890                OscillatorTask::OscillatorTask()
 .text._ZN14OscillatorTask8InitTaskEv
                0x08000920       0x64 ./Core/Src/OscillatorTask.o
                0x08000920                OscillatorTask::InitTask()
 .text._ZN14OscillatorTask3RunEPv
                0x08000984       0x76 ./Core/Src/OscillatorTask.o
                0x08000984                OscillatorTask::Run(void*)
 *fill*         0x080009fa        0x2 
 .text._ZN14OscillatorTask17HandleUARTMessageEPKc
                0x080009fc       0x80 ./Core/Src/OscillatorTask.o
                0x080009fc                OscillatorTask::HandleUARTMessage(char const*)
 .text._ZN14OscillatorTask11ReceiveDataEv
                0x08000a7c       0x26 ./Core/Src/OscillatorTask.o
                0x08000a7c                OscillatorTask::ReceiveData()
 .text._ZN14OscillatorTask15InterruptRxDataEh
                0x08000aa2       0xbe ./Core/Src/OscillatorTask.o
                0x08000aa2                OscillatorTask::InterruptRxData(unsigned char)
 .text._ZThn12_N14OscillatorTask15InterruptRxDataEh
                0x08000b60        0x8 ./Core/Src/OscillatorTask.o
                0x08000b60                non-virtual thunk to OscillatorTask::InterruptRxData(unsigned char)
 .text.vApplicationGetIdleTaskMemory
                0x08000b68       0x34 ./Core/Src/freertos.o
                0x08000b68                vApplicationGetIdleTaskMemory
 .text.vApplicationGetTimerTaskMemory
                0x08000b9c       0x34 ./Core/Src/freertos.o
                0x08000b9c                vApplicationGetTimerTaskMemory
 .text._Z15lis3dh_read_xyzPsS_S_
                0x08000bd0       0x80 ./Core/Src/lis3dh_utils.o
                0x08000bd0                lis3dh_read_xyz(short*, short*, short*)
 .text.__NVIC_GetPriorityGrouping
                0x08000c50       0x1c ./Core/Src/main.o
 .text.__NVIC_EnableIRQ
                0x08000c6c       0x3c ./Core/Src/main.o
 .text.__NVIC_SetPriority
                0x08000ca8       0x54 ./Core/Src/main.o
 .text.NVIC_EncodePriority
                0x08000cfc       0x66 ./Core/Src/main.o
 .text.LL_USART_Enable
                0x08000d62       0x20 ./Core/Src/main.o
 .text.LL_USART_ConfigAsyncMode
                0x08000d82       0x2c ./Core/Src/main.o
 *fill*         0x08000dae        0x2 
 .text.LL_AHB2_GRP1_EnableClock
                0x08000db0       0x30 ./Core/Src/main.o
 .text.LL_APB2_GRP1_EnableClock
                0x08000de0       0x30 ./Core/Src/main.o
 .text.main     0x08000e10       0x26 ./Core/Src/main.o
                0x08000e10                main
 .text.SystemClock_Config
                0x08000e36       0x8c ./Core/Src/main.o
                0x08000e36                SystemClock_Config
 *fill*         0x08000ec2        0x2 
 .text.MX_CRC_Init
                0x08000ec4       0x44 ./Core/Src/main.o
 .text.MX_I2C2_Init
                0x08000f08       0x80 ./Core/Src/main.o
 .text.MX_USART1_UART_Init
                0x08000f88       0xf4 ./Core/Src/main.o
 .text.MX_GPIO_Init
                0x0800107c       0x48 ./Core/Src/main.o
 .text.HAL_TIM_PeriodElapsedCallback
                0x080010c4       0x24 ./Core/Src/main.o
                0x080010c4                HAL_TIM_PeriodElapsedCallback
 .text.Error_Handler
                0x080010e8        0xc ./Core/Src/main.o
                0x080010e8                Error_Handler
 .text.HAL_MspInit
                0x080010f4       0x50 ./Core/Src/stm32l4xx_hal_msp.o
                0x080010f4                HAL_MspInit
 .text.HAL_CRC_MspInit
                0x08001144       0x40 ./Core/Src/stm32l4xx_hal_msp.o
                0x08001144                HAL_CRC_MspInit
 .text.HAL_I2C_MspInit
                0x08001184       0xb4 ./Core/Src/stm32l4xx_hal_msp.o
                0x08001184                HAL_I2C_MspInit
 .text.HAL_InitTick
                0x08001238       0xdc ./Core/Src/stm32l4xx_hal_timebase_tim.o
                0x08001238                HAL_InitTick
 .text.NMI_Handler
                0x08001314        0x8 ./Core/Src/stm32l4xx_it.o
                0x08001314                NMI_Handler
 .text.HardFault_Handler
                0x0800131c        0x8 ./Core/Src/stm32l4xx_it.o
                0x0800131c                HardFault_Handler
 .text.MemManage_Handler
                0x08001324        0x8 ./Core/Src/stm32l4xx_it.o
                0x08001324                MemManage_Handler
 .text.BusFault_Handler
                0x0800132c        0x8 ./Core/Src/stm32l4xx_it.o
                0x0800132c                BusFault_Handler
 .text.UsageFault_Handler
                0x08001334        0x8 ./Core/Src/stm32l4xx_it.o
                0x08001334                UsageFault_Handler
 .text.DebugMon_Handler
                0x0800133c        0xe ./Core/Src/stm32l4xx_it.o
                0x0800133c                DebugMon_Handler
 *fill*         0x0800134a        0x2 
 .text.TIM1_UP_TIM16_IRQHandler
                0x0800134c       0x14 ./Core/Src/stm32l4xx_it.o
                0x0800134c                TIM1_UP_TIM16_IRQHandler
 .text.USART1_IRQHandler
                0x08001360        0xc ./Core/Src/stm32l4xx_it.o
                0x08001360                USART1_IRQHandler
 .text._sbrk    0x0800136c       0x6c ./Core/Src/sysmem.o
                0x0800136c                _sbrk
 .text.SystemInit
                0x080013d8       0x24 ./Core/Src/system_stm32l4xx.o
                0x080013d8                SystemInit
 .text.Reset_Handler
                0x080013fc       0x50 ./Core/Startup/startup_stm32l431rbtx.o
                0x080013fc                Reset_Handler
 .text.Default_Handler
                0x0800144c        0x2 ./Core/Startup/startup_stm32l431rbtx.o
                0x0800144c                RTC_Alarm_IRQHandler
                0x0800144c                EXTI2_IRQHandler
                0x0800144c                TIM1_CC_IRQHandler
                0x0800144c                TSC_IRQHandler
                0x0800144c                TAMP_STAMP_IRQHandler
                0x0800144c                EXTI3_IRQHandler
                0x0800144c                LPTIM2_IRQHandler
                0x0800144c                I2C3_ER_IRQHandler
                0x0800144c                EXTI0_IRQHandler
                0x0800144c                I2C2_EV_IRQHandler
                0x0800144c                CAN1_RX0_IRQHandler
                0x0800144c                FPU_IRQHandler
                0x0800144c                SPI1_IRQHandler
                0x0800144c                TIM6_DAC_IRQHandler
                0x0800144c                DMA2_Channel2_IRQHandler
                0x0800144c                DMA1_Channel4_IRQHandler
                0x0800144c                ADC1_IRQHandler
                0x0800144c                USART3_IRQHandler
                0x0800144c                DMA1_Channel7_IRQHandler
                0x0800144c                CAN1_RX1_IRQHandler
                0x0800144c                DMA2_Channel1_IRQHandler
                0x0800144c                QUADSPI_IRQHandler
                0x0800144c                I2C1_EV_IRQHandler
                0x0800144c                DMA1_Channel6_IRQHandler
                0x0800144c                DMA2_Channel4_IRQHandler
                0x0800144c                RCC_IRQHandler
                0x0800144c                TIM1_TRG_COM_IRQHandler
                0x0800144c                DMA1_Channel1_IRQHandler
                0x0800144c                Default_Handler
                0x0800144c                DMA2_Channel7_IRQHandler
                0x0800144c                EXTI15_10_IRQHandler
                0x0800144c                TIM7_IRQHandler
                0x0800144c                SDMMC1_IRQHandler
                0x0800144c                I2C3_EV_IRQHandler
                0x0800144c                EXTI9_5_IRQHandler
                0x0800144c                RTC_WKUP_IRQHandler
                0x0800144c                PVD_PVM_IRQHandler
                0x0800144c                SPI2_IRQHandler
                0x0800144c                CAN1_TX_IRQHandler
                0x0800144c                DMA2_Channel5_IRQHandler
                0x0800144c                CRS_IRQHandler
                0x0800144c                DMA1_Channel5_IRQHandler
                0x0800144c                EXTI4_IRQHandler
                0x0800144c                RNG_IRQHandler
                0x0800144c                DMA1_Channel3_IRQHandler
                0x0800144c                COMP_IRQHandler
                0x0800144c                WWDG_IRQHandler
                0x0800144c                LPUART1_IRQHandler
                0x0800144c                DMA2_Channel6_IRQHandler
                0x0800144c                TIM2_IRQHandler
                0x0800144c                EXTI1_IRQHandler
                0x0800144c                USART2_IRQHandler
                0x0800144c                I2C2_ER_IRQHandler
                0x0800144c                DMA1_Channel2_IRQHandler
                0x0800144c                CAN1_SCE_IRQHandler
                0x0800144c                FLASH_IRQHandler
                0x0800144c                SPI3_IRQHandler
                0x0800144c                I2C1_ER_IRQHandler
                0x0800144c                SWPMI1_IRQHandler
                0x0800144c                LPTIM1_IRQHandler
                0x0800144c                SAI1_IRQHandler
                0x0800144c                DMA2_Channel3_IRQHandler
                0x0800144c                TIM1_BRK_TIM15_IRQHandler
 .text.HAL_Init
                0x0800144e       0x30 ./Drivers/STM32L4xx_HAL_Driver/Src/stm32l4xx_hal.o
                0x0800144e                HAL_Init
 *fill*         0x0800147e        0x2 
 .text.HAL_IncTick
                0x08001480       0x28 ./Drivers/STM32L4xx_HAL_Driver/Src/stm32l4xx_hal.o
                0x08001480                HAL_IncTick
 .text.HAL_GetTick
                0x080014a8       0x18 ./Drivers/STM32L4xx_HAL_Driver/Src/stm32l4xx_hal.o
                0x080014a8                HAL_GetTick
 .text.__NVIC_SetPriorityGrouping
                0x080014c0       0x48 ./Drivers/STM32L4xx_HAL_Driver/Src/stm32l4xx_hal_cortex.o
 .text.__NVIC_GetPriorityGrouping
                0x08001508       0x1c ./Drivers/STM32L4xx_HAL_Driver/Src/stm32l4xx_hal_cortex.o
 .text.__NVIC_EnableIRQ
                0x08001524       0x3c ./Drivers/STM32L4xx_HAL_Driver/Src/stm32l4xx_hal_cortex.o
 .text.__NVIC_SetPriority
                0x08001560       0x54 ./Drivers/STM32L4xx_HAL_Driver/Src/stm32l4xx_hal_cortex.o
 .text.NVIC_EncodePriority
                0x080015b4       0x66 ./Drivers/STM32L4xx_HAL_Driver/Src/stm32l4xx_hal_cortex.o
 *fill*         0x0800161a        0x2 
 .text.__NVIC_SystemReset
                0x0800161c       0x2c ./Drivers/STM32L4xx_HAL_Driver/Src/stm32l4xx_hal_cortex.o
 .text.HAL_NVIC_SetPriorityGrouping
                0x08001648       0x16 ./Drivers/STM32L4xx_HAL_Driver/Src/stm32l4xx_hal_cortex.o
                0x08001648                HAL_NVIC_SetPriorityGrouping
 .text.HAL_NVIC_SetPriority
                0x0800165e       0x38 ./Drivers/STM32L4xx_HAL_Driver/Src/stm32l4xx_hal_cortex.o
                0x0800165e                HAL_NVIC_SetPriority
 .text.HAL_NVIC_EnableIRQ
                0x08001696       0x1c ./Drivers/STM32L4xx_HAL_Driver/Src/stm32l4xx_hal_cortex.o
                0x08001696                HAL_NVIC_EnableIRQ
 .text.HAL_NVIC_SystemReset
                0x080016b2        0x8 ./Drivers/STM32L4xx_HAL_Driver/Src/stm32l4xx_hal_cortex.o
                0x080016b2                HAL_NVIC_SystemReset
 *fill*         0x080016ba        0x2 
 .text.HAL_CRC_Init
                0x080016bc       0xc8 ./Drivers/STM32L4xx_HAL_Driver/Src/stm32l4xx_hal_crc.o
                0x080016bc                HAL_CRC_Init
 .text.HAL_CRCEx_Polynomial_Set
                0x08001784      0x11c ./Drivers/STM32L4xx_HAL_Driver/Src/stm32l4xx_hal_crc_ex.o
                0x08001784                HAL_CRCEx_Polynomial_Set
 .text.HAL_FLASH_Program
                0x080018a0       0xd8 ./Drivers/STM32L4xx_HAL_Driver/Src/stm32l4xx_hal_flash.o
                0x080018a0                HAL_FLASH_Program
 .text.HAL_FLASH_Unlock
                0x08001978       0x44 ./Drivers/STM32L4xx_HAL_Driver/Src/stm32l4xx_hal_flash.o
                0x08001978                HAL_FLASH_Unlock
 .text.HAL_FLASH_Lock
                0x080019bc       0x20 ./Drivers/STM32L4xx_HAL_Driver/Src/stm32l4xx_hal_flash.o
                0x080019bc                HAL_FLASH_Lock
 .text.FLASH_WaitForLastOperation
                0x080019dc       0xac ./Drivers/STM32L4xx_HAL_Driver/Src/stm32l4xx_hal_flash.o
                0x080019dc                FLASH_WaitForLastOperation
 .text.FLASH_Program_DoubleWord
                0x08001a88       0x4c ./Drivers/STM32L4xx_HAL_Driver/Src/stm32l4xx_hal_flash.o
 .text.FLASH_Program_Fast
                0x08001ad4       0x6c ./Drivers/STM32L4xx_HAL_Driver/Src/stm32l4xx_hal_flash.o
 .text.HAL_FLASHEx_Erase
                0x08001b40      0x134 ./Drivers/STM32L4xx_HAL_Driver/Src/stm32l4xx_hal_flash_ex.o
                0x08001b40                HAL_FLASHEx_Erase
 .text.FLASH_MassErase
                0x08001c74       0x3c ./Drivers/STM32L4xx_HAL_Driver/Src/stm32l4xx_hal_flash_ex.o
 .text.FLASH_PageErase
                0x08001cb0       0x48 ./Drivers/STM32L4xx_HAL_Driver/Src/stm32l4xx_hal_flash_ex.o
                0x08001cb0                FLASH_PageErase
 .text.FLASH_FlushCaches
                0x08001cf8       0x94 ./Drivers/STM32L4xx_HAL_Driver/Src/stm32l4xx_hal_flash_ex.o
                0x08001cf8                FLASH_FlushCaches
 .text.HAL_GPIO_Init
                0x08001d8c      0x2f4 ./Drivers/STM32L4xx_HAL_Driver/Src/stm32l4xx_hal_gpio.o
                0x08001d8c                HAL_GPIO_Init
 .text.HAL_I2C_Init
                0x08002080      0x136 ./Drivers/STM32L4xx_HAL_Driver/Src/stm32l4xx_hal_i2c.o
                0x08002080                HAL_I2C_Init
 *fill*         0x080021b6        0x2 
 .text.HAL_I2C_Mem_Read
                0x080021b8      0x234 ./Drivers/STM32L4xx_HAL_Driver/Src/stm32l4xx_hal_i2c.o
                0x080021b8                HAL_I2C_Mem_Read
 .text.I2C_RequestMemoryRead
                0x080023ec       0xa8 ./Drivers/STM32L4xx_HAL_Driver/Src/stm32l4xx_hal_i2c.o
 .text.I2C_Flush_TXDR
                0x08002494       0x48 ./Drivers/STM32L4xx_HAL_Driver/Src/stm32l4xx_hal_i2c.o
 .text.I2C_WaitOnFlagUntilTimeout
                0x080024dc       0xb2 ./Drivers/STM32L4xx_HAL_Driver/Src/stm32l4xx_hal_i2c.o
 .text.I2C_WaitOnTXISFlagUntilTimeout
                0x0800258e       0x8e ./Drivers/STM32L4xx_HAL_Driver/Src/stm32l4xx_hal_i2c.o
 .text.I2C_WaitOnSTOPFlagUntilTimeout
                0x0800261c       0x86 ./Drivers/STM32L4xx_HAL_Driver/Src/stm32l4xx_hal_i2c.o
 *fill*         0x080026a2        0x2 
 .text.I2C_IsErrorOccurred
                0x080026a4      0x1c0 ./Drivers/STM32L4xx_HAL_Driver/Src/stm32l4xx_hal_i2c.o
 .text.I2C_TransferConfig
                0x08002864       0x64 ./Drivers/STM32L4xx_HAL_Driver/Src/stm32l4xx_hal_i2c.o
 .text.HAL_I2CEx_ConfigAnalogFilter
                0x080028c8       0x96 ./Drivers/STM32L4xx_HAL_Driver/Src/stm32l4xx_hal_i2c_ex.o
                0x080028c8                HAL_I2CEx_ConfigAnalogFilter
 .text.HAL_I2CEx_ConfigDigitalFilter
                0x0800295e       0x98 ./Drivers/STM32L4xx_HAL_Driver/Src/stm32l4xx_hal_i2c_ex.o
                0x0800295e                HAL_I2CEx_ConfigDigitalFilter
 *fill*         0x080029f6        0x2 
 .text.HAL_PWREx_GetVoltageRange
                0x080029f8       0x1c ./Drivers/STM32L4xx_HAL_Driver/Src/stm32l4xx_hal_pwr_ex.o
                0x080029f8                HAL_PWREx_GetVoltageRange
 .text.HAL_PWREx_ControlVoltageScaling
                0x08002a14       0xac ./Drivers/STM32L4xx_HAL_Driver/Src/stm32l4xx_hal_pwr_ex.o
                0x08002a14                HAL_PWREx_ControlVoltageScaling
 .text.HAL_RCC_OscConfig
                0x08002ac0      0x828 ./Drivers/STM32L4xx_HAL_Driver/Src/stm32l4xx_hal_rcc.o
                0x08002ac0                HAL_RCC_OscConfig
 .text.HAL_RCC_ClockConfig
                0x080032e8      0x200 ./Drivers/STM32L4xx_HAL_Driver/Src/stm32l4xx_hal_rcc.o
                0x080032e8                HAL_RCC_ClockConfig
 .text.HAL_RCC_GetSysClockFreq
                0x080034e8      0x118 ./Drivers/STM32L4xx_HAL_Driver/Src/stm32l4xx_hal_rcc.o
                0x080034e8                HAL_RCC_GetSysClockFreq
 .text.HAL_RCC_GetHCLKFreq
                0x08003600       0x18 ./Drivers/STM32L4xx_HAL_Driver/Src/stm32l4xx_hal_rcc.o
                0x08003600                HAL_RCC_GetHCLKFreq
 .text.HAL_RCC_GetPCLK2Freq
                0x08003618       0x2c ./Drivers/STM32L4xx_HAL_Driver/Src/stm32l4xx_hal_rcc.o
                0x08003618                HAL_RCC_GetPCLK2Freq
 .text.HAL_RCC_GetClockConfig
                0x08003644       0x64 ./Drivers/STM32L4xx_HAL_Driver/Src/stm32l4xx_hal_rcc.o
                0x08003644                HAL_RCC_GetClockConfig
 .text.RCC_SetFlashLatencyFromMSIRange
                0x080036a8       0xc0 ./Drivers/STM32L4xx_HAL_Driver/Src/stm32l4xx_hal_rcc.o
 .text.HAL_RCCEx_PeriphCLKConfig
                0x08003768      0x430 ./Drivers/STM32L4xx_HAL_Driver/Src/stm32l4xx_hal_rcc_ex.o
                0x08003768                HAL_RCCEx_PeriphCLKConfig
 .text.RCCEx_PLLSAI1_Config
                0x08003b98      0x1e4 ./Drivers/STM32L4xx_HAL_Driver/Src/stm32l4xx_hal_rcc_ex.o
 .text.HAL_TIM_Base_Init
                0x08003d7c       0xae ./Drivers/STM32L4xx_HAL_Driver/Src/stm32l4xx_hal_tim.o
                0x08003d7c                HAL_TIM_Base_Init
 .text.HAL_TIM_Base_MspInit
                0x08003e2a       0x14 ./Drivers/STM32L4xx_HAL_Driver/Src/stm32l4xx_hal_tim.o
                0x08003e2a                HAL_TIM_Base_MspInit
 *fill*         0x08003e3e        0x2 
 .text.HAL_TIM_Base_Start_IT
                0x08003e40       0xa8 ./Drivers/STM32L4xx_HAL_Driver/Src/stm32l4xx_hal_tim.o
                0x08003e40                HAL_TIM_Base_Start_IT
 .text.HAL_TIM_IRQHandler
                0x08003ee8      0x20e ./Drivers/STM32L4xx_HAL_Driver/Src/stm32l4xx_hal_tim.o
                0x08003ee8                HAL_TIM_IRQHandler
 .text.HAL_TIM_OC_DelayElapsedCallback
                0x080040f6       0x14 ./Drivers/STM32L4xx_HAL_Driver/Src/stm32l4xx_hal_tim.o
                0x080040f6                HAL_TIM_OC_DelayElapsedCallback
 .text.HAL_TIM_IC_CaptureCallback
                0x0800410a       0x14 ./Drivers/STM32L4xx_HAL_Driver/Src/stm32l4xx_hal_tim.o
                0x0800410a                HAL_TIM_IC_CaptureCallback
 .text.HAL_TIM_PWM_PulseFinishedCallback
                0x0800411e       0x14 ./Drivers/STM32L4xx_HAL_Driver/Src/stm32l4xx_hal_tim.o
                0x0800411e                HAL_TIM_PWM_PulseFinishedCallback
 .text.HAL_TIM_TriggerCallback
                0x08004132       0x14 ./Drivers/STM32L4xx_HAL_Driver/Src/stm32l4xx_hal_tim.o
                0x08004132                HAL_TIM_TriggerCallback
 *fill*         0x08004146        0x2 
 .text.TIM_Base_SetConfig
                0x08004148       0xe0 ./Drivers/STM32L4xx_HAL_Driver/Src/stm32l4xx_hal_tim.o
                0x08004148                TIM_Base_SetConfig
 .text.HAL_TIMEx_CommutCallback
                0x08004228       0x14 ./Drivers/STM32L4xx_HAL_Driver/Src/stm32l4xx_hal_tim_ex.o
                0x08004228                HAL_TIMEx_CommutCallback
 .text.HAL_TIMEx_BreakCallback
                0x0800423c       0x14 ./Drivers/STM32L4xx_HAL_Driver/Src/stm32l4xx_hal_tim_ex.o
                0x0800423c                HAL_TIMEx_BreakCallback
 .text.HAL_TIMEx_Break2Callback
                0x08004250       0x14 ./Drivers/STM32L4xx_HAL_Driver/Src/stm32l4xx_hal_tim_ex.o
                0x08004250                HAL_TIMEx_Break2Callback
 .text.LL_GPIO_SetPinMode
                0x08004264       0x7a ./Drivers/STM32L4xx_HAL_Driver/Src/stm32l4xx_ll_gpio.o
 .text.LL_GPIO_SetPinOutputType
                0x080042de       0x30 ./Drivers/STM32L4xx_HAL_Driver/Src/stm32l4xx_ll_gpio.o
 .text.LL_GPIO_SetPinSpeed
                0x0800430e       0x7a ./Drivers/STM32L4xx_HAL_Driver/Src/stm32l4xx_ll_gpio.o
 .text.LL_GPIO_SetPinPull
                0x08004388       0x7a ./Drivers/STM32L4xx_HAL_Driver/Src/stm32l4xx_ll_gpio.o
 .text.LL_GPIO_SetAFPin_0_7
                0x08004402       0x7a ./Drivers/STM32L4xx_HAL_Driver/Src/stm32l4xx_ll_gpio.o
 .text.LL_GPIO_SetAFPin_8_15
                0x0800447c       0x7e ./Drivers/STM32L4xx_HAL_Driver/Src/stm32l4xx_ll_gpio.o
 .text.LL_GPIO_Init
                0x080044fa       0xdc ./Drivers/STM32L4xx_HAL_Driver/Src/stm32l4xx_ll_gpio.o
                0x080044fa                LL_GPIO_Init
 *fill*         0x080045d6        0x2 
 .text.LL_RCC_HSI_IsReady
                0x080045d8       0x28 ./Drivers/STM32L4xx_HAL_Driver/Src/stm32l4xx_ll_rcc.o
 .text.LL_RCC_LSE_IsReady
                0x08004600       0x28 ./Drivers/STM32L4xx_HAL_Driver/Src/stm32l4xx_ll_rcc.o
 .text.LL_RCC_MSI_IsEnabledRangeSelect
                0x08004628       0x24 ./Drivers/STM32L4xx_HAL_Driver/Src/stm32l4xx_ll_rcc.o
 .text.LL_RCC_MSI_GetRange
                0x0800464c       0x1c ./Drivers/STM32L4xx_HAL_Driver/Src/stm32l4xx_ll_rcc.o
 .text.LL_RCC_MSI_GetRangeAfterStandby
                0x08004668       0x1c ./Drivers/STM32L4xx_HAL_Driver/Src/stm32l4xx_ll_rcc.o
 .text.LL_RCC_GetSysClkSource
                0x08004684       0x1c ./Drivers/STM32L4xx_HAL_Driver/Src/stm32l4xx_ll_rcc.o
 .text.LL_RCC_GetAHBPrescaler
                0x080046a0       0x1c ./Drivers/STM32L4xx_HAL_Driver/Src/stm32l4xx_ll_rcc.o
 .text.LL_RCC_GetAPB1Prescaler
                0x080046bc       0x1c ./Drivers/STM32L4xx_HAL_Driver/Src/stm32l4xx_ll_rcc.o
 .text.LL_RCC_GetAPB2Prescaler
                0x080046d8       0x1c ./Drivers/STM32L4xx_HAL_Driver/Src/stm32l4xx_ll_rcc.o
 .text.LL_RCC_GetUSARTClockSource
                0x080046f4       0x28 ./Drivers/STM32L4xx_HAL_Driver/Src/stm32l4xx_ll_rcc.o
 .text.LL_RCC_PLL_GetMainSource
                0x0800471c       0x1c ./Drivers/STM32L4xx_HAL_Driver/Src/stm32l4xx_ll_rcc.o
 .text.LL_RCC_PLL_GetN
                0x08004738       0x1c ./Drivers/STM32L4xx_HAL_Driver/Src/stm32l4xx_ll_rcc.o
 .text.LL_RCC_PLL_GetR
                0x08004754       0x1c ./Drivers/STM32L4xx_HAL_Driver/Src/stm32l4xx_ll_rcc.o
 .text.LL_RCC_PLL_GetDivider
                0x08004770       0x1c ./Drivers/STM32L4xx_HAL_Driver/Src/stm32l4xx_ll_rcc.o
 .text.LL_RCC_GetUSARTClockFreq
                0x0800478c      0x1c4 ./Drivers/STM32L4xx_HAL_Driver/Src/stm32l4xx_ll_rcc.o
                0x0800478c                LL_RCC_GetUSARTClockFreq
 .text.RCC_GetSystemClockFreq
                0x08004950      0x120 ./Drivers/STM32L4xx_HAL_Driver/Src/stm32l4xx_ll_rcc.o
 .text.RCC_GetHCLKClockFreq
                0x08004a70       0x2c ./Drivers/STM32L4xx_HAL_Driver/Src/stm32l4xx_ll_rcc.o
 .text.RCC_GetPCLK1ClockFreq
                0x08004a9c       0x28 ./Drivers/STM32L4xx_HAL_Driver/Src/stm32l4xx_ll_rcc.o
 .text.RCC_GetPCLK2ClockFreq
                0x08004ac4       0x28 ./Drivers/STM32L4xx_HAL_Driver/Src/stm32l4xx_ll_rcc.o
 .text.RCC_PLL_GetFreqDomain_SYS
                0x08004aec      0x118 ./Drivers/STM32L4xx_HAL_Driver/Src/stm32l4xx_ll_rcc.o
 .text.LL_USART_IsEnabled
                0x08004c04       0x26 ./Drivers/STM32L4xx_HAL_Driver/Src/stm32l4xx_ll_usart.o
 .text.LL_USART_SetStopBitsLength
                0x08004c2a       0x26 ./Drivers/STM32L4xx_HAL_Driver/Src/stm32l4xx_ll_usart.o
 .text.LL_USART_SetHWFlowCtrl
                0x08004c50       0x26 ./Drivers/STM32L4xx_HAL_Driver/Src/stm32l4xx_ll_usart.o
 .text.LL_USART_SetBaudRate
                0x08004c76       0x6e ./Drivers/STM32L4xx_HAL_Driver/Src/stm32l4xx_ll_usart.o
 .text.LL_USART_Init
                0x08004ce4       0xcc ./Drivers/STM32L4xx_HAL_Driver/Src/stm32l4xx_ll_usart.o
                0x08004ce4                LL_USART_Init
 .text.osKernelStart
                0x08004db0        0xe ./Middlewares/Third_Party/FreeRTOS/Source/CMSIS_RTOS/cmsis_os.o
                0x08004db0                osKernelStart
 .text.osDelay  0x08004dbe       0x28 ./Middlewares/Third_Party/FreeRTOS/Source/CMSIS_RTOS/cmsis_os.o
                0x08004dbe                osDelay
 .text.vListInitialise
                0x08004de6       0x40 ./Middlewares/Third_Party/FreeRTOS/Source/list.o
                0x08004de6                vListInitialise
 .text.vListInitialiseItem
                0x08004e26       0x1a ./Middlewares/Third_Party/FreeRTOS/Source/list.o
                0x08004e26                vListInitialiseItem
 .text.vListInsertEnd
                0x08004e40       0x48 ./Middlewares/Third_Party/FreeRTOS/Source/list.o
                0x08004e40                vListInsertEnd
 .text.vListInsert
                0x08004e88       0x72 ./Middlewares/Third_Party/FreeRTOS/Source/list.o
                0x08004e88                vListInsert
 .text.uxListRemove
                0x08004efa       0x54 ./Middlewares/Third_Party/FreeRTOS/Source/list.o
                0x08004efa                uxListRemove
 *fill*         0x08004f4e        0x2 
 .text.xQueueGenericReset
                0x08004f50       0xd4 ./Middlewares/Third_Party/FreeRTOS/Source/queue.o
                0x08004f50                xQueueGenericReset
 .text.xQueueGenericCreateStatic
                0x08005024       0xfa ./Middlewares/Third_Party/FreeRTOS/Source/queue.o
                0x08005024                xQueueGenericCreateStatic
 .text.xQueueGenericCreate
                0x0800511e       0x76 ./Middlewares/Third_Party/FreeRTOS/Source/queue.o
                0x0800511e                xQueueGenericCreate
 .text.prvInitialiseNewQueue
                0x08005194       0x3e ./Middlewares/Third_Party/FreeRTOS/Source/queue.o
 .text.prvInitialiseMutex
                0x080051d2       0x34 ./Middlewares/Third_Party/FreeRTOS/Source/queue.o
 .text.xQueueCreateMutex
                0x08005206       0x30 ./Middlewares/Third_Party/FreeRTOS/Source/queue.o
                0x08005206                xQueueCreateMutex
 *fill*         0x08005236        0x2 
 .text.xQueueGenericSend
                0x08005238      0x204 ./Middlewares/Third_Party/FreeRTOS/Source/queue.o
                0x08005238                xQueueGenericSend
 .text.xQueueGenericSendFromISR
                0x0800543c      0x13c ./Middlewares/Third_Party/FreeRTOS/Source/queue.o
                0x0800543c                xQueueGenericSendFromISR
 .text.xQueueReceive
                0x08005578      0x1c4 ./Middlewares/Third_Party/FreeRTOS/Source/queue.o
                0x08005578                xQueueReceive
 .text.xQueueSemaphoreTake
                0x0800573c      0x220 ./Middlewares/Third_Party/FreeRTOS/Source/queue.o
                0x0800573c                xQueueSemaphoreTake
 .text.vQueueDelete
                0x0800595c       0x48 ./Middlewares/Third_Party/FreeRTOS/Source/queue.o
                0x0800595c                vQueueDelete
 .text.prvGetDisinheritPriorityAfterTimeout
                0x080059a4       0x30 ./Middlewares/Third_Party/FreeRTOS/Source/queue.o
 .text.prvCopyDataToQueue
                0x080059d4       0xd4 ./Middlewares/Third_Party/FreeRTOS/Source/queue.o
 .text.prvCopyDataFromQueue
                0x08005aa8       0x4c ./Middlewares/Third_Party/FreeRTOS/Source/queue.o
 .text.prvUnlockQueue
                0x08005af4       0xa4 ./Middlewares/Third_Party/FreeRTOS/Source/queue.o
 .text.prvIsQueueEmpty
                0x08005b98       0x2c ./Middlewares/Third_Party/FreeRTOS/Source/queue.o
 .text.prvIsQueueFull
                0x08005bc4       0x30 ./Middlewares/Third_Party/FreeRTOS/Source/queue.o
 .text.vQueueAddToRegistry
                0x08005bf4       0x54 ./Middlewares/Third_Party/FreeRTOS/Source/queue.o
                0x08005bf4                vQueueAddToRegistry
 .text.vQueueUnregisterQueue
                0x08005c48       0x54 ./Middlewares/Third_Party/FreeRTOS/Source/queue.o
                0x08005c48                vQueueUnregisterQueue
 .text.vQueueWaitForMessageRestricted
                0x08005c9c       0x68 ./Middlewares/Third_Party/FreeRTOS/Source/queue.o
                0x08005c9c                vQueueWaitForMessageRestricted
 .text.xTaskCreateStatic
                0x08005d04       0xc0 ./Middlewares/Third_Party/FreeRTOS/Source/tasks.o
                0x08005d04                xTaskCreateStatic
 .text.xTaskCreate
                0x08005dc4       0x8a ./Middlewares/Third_Party/FreeRTOS/Source/tasks.o
                0x08005dc4                xTaskCreate
 *fill*         0x08005e4e        0x2 
 .text.prvInitialiseNewTask
                0x08005e50      0x140 ./Middlewares/Third_Party/FreeRTOS/Source/tasks.o
 .text.prvAddNewTaskToReadyList
                0x08005f90       0xd4 ./Middlewares/Third_Party/FreeRTOS/Source/tasks.o
 .text.vTaskDelay
                0x08006064       0x6c ./Middlewares/Third_Party/FreeRTOS/Source/tasks.o
                0x08006064                vTaskDelay
 .text.vTaskStartScheduler
                0x080060d0       0xe0 ./Middlewares/Third_Party/FreeRTOS/Source/tasks.o
                0x080060d0                vTaskStartScheduler
 .text.vTaskSuspendAll
                0x080061b0       0x1c ./Middlewares/Third_Party/FreeRTOS/Source/tasks.o
                0x080061b0                vTaskSuspendAll
 .text.xTaskResumeAll
                0x080061cc      0x13c ./Middlewares/Third_Party/FreeRTOS/Source/tasks.o
                0x080061cc                xTaskResumeAll
 .text.xTaskGetTickCount
                0x08006308       0x20 ./Middlewares/Third_Party/FreeRTOS/Source/tasks.o
                0x08006308                xTaskGetTickCount
 .text.xTaskIncrementTick
                0x08006328      0x174 ./Middlewares/Third_Party/FreeRTOS/Source/tasks.o
                0x08006328                xTaskIncrementTick
 .text.vTaskSwitchContext
                0x0800649c       0xc8 ./Middlewares/Third_Party/FreeRTOS/Source/tasks.o
                0x0800649c                vTaskSwitchContext
 .text.vTaskPlaceOnEventList
                0x08006564       0x4c ./Middlewares/Third_Party/FreeRTOS/Source/tasks.o
                0x08006564                vTaskPlaceOnEventList
 .text.vTaskPlaceOnEventListRestricted
                0x080065b0       0x58 ./Middlewares/Third_Party/FreeRTOS/Source/tasks.o
                0x080065b0                vTaskPlaceOnEventListRestricted
 .text.xTaskRemoveFromEventList
                0x08006608       0xc8 ./Middlewares/Third_Party/FreeRTOS/Source/tasks.o
                0x08006608                xTaskRemoveFromEventList
 .text.vTaskInternalSetTimeOutState
                0x080066d0       0x2c ./Middlewares/Third_Party/FreeRTOS/Source/tasks.o
                0x080066d0                vTaskInternalSetTimeOutState
 .text.xTaskCheckForTimeOut
                0x080066fc       0xc8 ./Middlewares/Third_Party/FreeRTOS/Source/tasks.o
                0x080066fc                xTaskCheckForTimeOut
 .text.vTaskMissedYield
                0x080067c4       0x18 ./Middlewares/Third_Party/FreeRTOS/Source/tasks.o
                0x080067c4                vTaskMissedYield
 .text.prvIdleTask
                0x080067dc       0x30 ./Middlewares/Third_Party/FreeRTOS/Source/tasks.o
 .text.prvInitialiseTaskLists
                0x0800680c       0x80 ./Middlewares/Third_Party/FreeRTOS/Source/tasks.o
 .text.prvCheckTasksWaitingTermination
                0x0800688c       0x5c ./Middlewares/Third_Party/FreeRTOS/Source/tasks.o
 .text.prvDeleteTCB
                0x080068e8       0x6a ./Middlewares/Third_Party/FreeRTOS/Source/tasks.o
 *fill*         0x08006952        0x2 
 .text.prvResetNextTaskUnblockTime
                0x08006954       0x40 ./Middlewares/Third_Party/FreeRTOS/Source/tasks.o
 .text.xTaskGetSchedulerState
                0x08006994       0x3c ./Middlewares/Third_Party/FreeRTOS/Source/tasks.o
                0x08006994                xTaskGetSchedulerState
 .text.xTaskPriorityInherit
                0x080069d0       0xec ./Middlewares/Third_Party/FreeRTOS/Source/tasks.o
                0x080069d0                xTaskPriorityInherit
 .text.xTaskPriorityDisinherit
                0x08006abc      0x110 ./Middlewares/Third_Party/FreeRTOS/Source/tasks.o
                0x08006abc                xTaskPriorityDisinherit
 .text.vTaskPriorityDisinheritAfterTimeout
                0x08006bcc      0x120 ./Middlewares/Third_Party/FreeRTOS/Source/tasks.o
                0x08006bcc                vTaskPriorityDisinheritAfterTimeout
 .text.pvTaskIncrementMutexHeldCount
                0x08006cec       0x28 ./Middlewares/Third_Party/FreeRTOS/Source/tasks.o
                0x08006cec                pvTaskIncrementMutexHeldCount
 .text.prvAddCurrentTaskToDelayedList
                0x08006d14       0xcc ./Middlewares/Third_Party/FreeRTOS/Source/tasks.o
 .text.xTimerCreateTimerTask
                0x08006de0       0x94 ./Middlewares/Third_Party/FreeRTOS/Source/timers.o
                0x08006de0                xTimerCreateTimerTask
 .text.xTimerGenericCommand
                0x08006e74       0x9c ./Middlewares/Third_Party/FreeRTOS/Source/timers.o
                0x08006e74                xTimerGenericCommand
 .text.prvProcessExpiredTimer
                0x08006f10       0x9c ./Middlewares/Third_Party/FreeRTOS/Source/timers.o
 .text.prvTimerTask
                0x08006fac       0x26 ./Middlewares/Third_Party/FreeRTOS/Source/timers.o
 *fill*         0x08006fd2        0x2 
 .text.prvProcessTimerOrBlockTask
                0x08006fd4       0x9c ./Middlewares/Third_Party/FreeRTOS/Source/timers.o
 .text.prvGetNextExpireTime
                0x08007070       0x48 ./Middlewares/Third_Party/FreeRTOS/Source/timers.o
 .text.prvSampleTimeNow
                0x080070b8       0x40 ./Middlewares/Third_Party/FreeRTOS/Source/timers.o
 .text.prvInsertTimerInActiveList
                0x080070f8       0x84 ./Middlewares/Third_Party/FreeRTOS/Source/timers.o
 .text.prvProcessReceivedCommands
                0x0800717c      0x194 ./Middlewares/Third_Party/FreeRTOS/Source/timers.o
 .text.prvSwitchTimerLists
                0x08007310       0xcc ./Middlewares/Third_Party/FreeRTOS/Source/timers.o
 .text.prvCheckForValidListAndQueue
                0x080073dc       0x80 ./Middlewares/Third_Party/FreeRTOS/Source/timers.o
 .text.pxPortInitialiseStack
                0x0800745c       0x68 ./Middlewares/Third_Party/FreeRTOS/Source/portable/GCC/ARM_CM4F/port.o
                0x0800745c                pxPortInitialiseStack
 .text.prvTaskExitError
                0x080074c4       0x5c ./Middlewares/Third_Party/FreeRTOS/Source/portable/GCC/ARM_CM4F/port.o
 .text.SVC_Handler
                0x08007520       0x28 ./Middlewares/Third_Party/FreeRTOS/Source/portable/GCC/ARM_CM4F/port.o
                0x08007520                SVC_Handler
 .text.prvPortStartFirstTask
                0x08007548       0x28 ./Middlewares/Third_Party/FreeRTOS/Source/portable/GCC/ARM_CM4F/port.o
 .text.xPortStartScheduler
                0x08007570      0x148 ./Middlewares/Third_Party/FreeRTOS/Source/portable/GCC/ARM_CM4F/port.o
                0x08007570                xPortStartScheduler
 .text.vPortEnterCritical
                0x080076b8       0x64 ./Middlewares/Third_Party/FreeRTOS/Source/portable/GCC/ARM_CM4F/port.o
                0x080076b8                vPortEnterCritical
 .text.vPortExitCritical
                0x0800771c       0x54 ./Middlewares/Third_Party/FreeRTOS/Source/portable/GCC/ARM_CM4F/port.o
                0x0800771c                vPortExitCritical
 .text.PendSV_Handler
                0x08007770       0x68 ./Middlewares/Third_Party/FreeRTOS/Source/portable/GCC/ARM_CM4F/port.o
                0x08007770                PendSV_Handler
 .text.SysTick_Handler
                0x080077d8       0x44 ./Middlewares/Third_Party/FreeRTOS/Source/portable/GCC/ARM_CM4F/port.o
                0x080077d8                SysTick_Handler
 .text.vPortSetupTimerInterrupt
                0x0800781c       0x48 ./Middlewares/Third_Party/FreeRTOS/Source/portable/GCC/ARM_CM4F/port.o
                0x0800781c                vPortSetupTimerInterrupt
 .text.vPortEnableVFP
                0x08007864       0x14 ./Middlewares/Third_Party/FreeRTOS/Source/portable/GCC/ARM_CM4F/port.o
 .text.vPortValidateInterruptPriority
                0x08007878       0x84 ./Middlewares/Third_Party/FreeRTOS/Source/portable/GCC/ARM_CM4F/port.o
                0x08007878                vPortValidateInterruptPriority
 .text.pvPortMalloc
                0x080078fc      0x19c ./Middlewares/Third_Party/FreeRTOS/Source/portable/MemMang/heap_4.o
                0x080078fc                pvPortMalloc
 .text.vPortFree
                0x08007a98       0xc8 ./Middlewares/Third_Party/FreeRTOS/Source/portable/MemMang/heap_4.o
                0x08007a98                vPortFree
 .text.xPortGetFreeHeapSize
                0x08007b60       0x18 ./Middlewares/Third_Party/FreeRTOS/Source/portable/MemMang/heap_4.o
                0x08007b60                xPortGetFreeHeapSize
 .text.xPortGetMinimumEverFreeHeapSize
                0x08007b78       0x18 ./Middlewares/Third_Party/FreeRTOS/Source/portable/MemMang/heap_4.o
                0x08007b78                xPortGetMinimumEverFreeHeapSize
 .text.prvHeapInit
                0x08007b90       0xc4 ./Middlewares/Third_Party/FreeRTOS/Source/portable/MemMang/heap_4.o
 .text.prvInsertBlockIntoFreeList
                0x08007c54       0xb4 ./Middlewares/Third_Party/FreeRTOS/Source/portable/MemMang/heap_4.o
 .text._ZSt23__is_constant_evaluatedv
                0x08007d08       0x10 ./SoarOS/Core/Command.o
                0x08007d08                std::__is_constant_evaluated()
 .text._ZStanSt12memory_orderSt23__memory_order_modifier
                0x08007d18       0x1c ./SoarOS/Core/Command.o
                0x08007d18                std::operator&(std::memory_order, std::__memory_order_modifier)
 .text._Z11cube_mallocm
                0x08007d34       0x34 ./SoarOS/Core/Command.o
                0x08007d34                cube_malloc(unsigned long)
 .text._Z9cube_freePv
                0x08007d68       0x16 ./SoarOS/Core/Command.o
                0x08007d68                cube_free(void*)
 .text._ZN7CommandC2Ev
                0x08007d7e       0x34 ./SoarOS/Core/Command.o
                0x08007d7e                Command::Command()
                0x08007d7e                Command::Command()
 .text._ZN7CommandC2E15GLOBAL_COMMANDSt
                0x08007db2       0x3c ./SoarOS/Core/Command.o
                0x08007db2                Command::Command(GLOBAL_COMMANDS, unsigned short)
                0x08007db2                Command::Command(GLOBAL_COMMANDS, unsigned short)
 *fill*         0x08007dee        0x2 
 .text._ZN7Command12AllocateDataEt
                0x08007df0       0x74 ./SoarOS/Core/Command.o
                0x08007df0                Command::AllocateData(unsigned short)
 .text._ZN7Command17CopyDataToCommandEPht
                0x08007e64       0x4c ./SoarOS/Core/Command.o
                0x08007e64                Command::CopyDataToCommand(unsigned char*, unsigned short)
 .text._ZN7Command5ResetEv
                0x08007eb0       0x44 ./SoarOS/Core/Command.o
                0x08007eb0                Command::Reset()
 .text._ZNK7Command11GetDataSizeEv
                0x08007ef4       0x24 ./SoarOS/Core/Command.o
                0x08007ef4                Command::GetDataSize() const
 .text._ZNSt13__atomic_baseItEpLEt
                0x08007f18       0x34 ./SoarOS/Core/Command.o
                0x08007f18                std::__atomic_base<unsigned short>::operator+=(unsigned short)
 .text._ZNKSt13__atomic_baseItEcvtEv
                0x08007f4c       0x64 ./SoarOS/Core/Command.o
                0x08007f4c                std::__atomic_base<unsigned short>::operator unsigned short() const
 .text._ZNSt13__atomic_baseItEmIEt
                0x08007fb0       0x36 ./SoarOS/Core/Command.o
                0x08007fb0                std::__atomic_base<unsigned short>::operator-=(unsigned short)
 *fill*         0x08007fe6        0x2 
 .text._ZN5MutexC2Ev
                0x08007fe8       0x3c ./SoarOS/Core/Mutex.o
                0x08007fe8                Mutex::Mutex()
                0x08007fe8                Mutex::Mutex()
 .text._ZN5MutexD2Ev
                0x08008024       0x1c ./SoarOS/Core/Mutex.o
                0x08008024                Mutex::~Mutex()
                0x08008024                Mutex::~Mutex()
 .text._ZN5Mutex4LockEm
                0x08008040       0x2a ./SoarOS/Core/Mutex.o
                0x08008040                Mutex::Lock(unsigned long)
 .text._ZN5Mutex6UnlockEv
                0x0800806a       0x2a ./SoarOS/Core/Mutex.o
                0x0800806a                Mutex::Unlock()
 .text._ZN5QueueC2Et
                0x08008094       0x2e ./SoarOS/Core/Queue.o
                0x08008094                Queue::Queue(unsigned short)
                0x08008094                Queue::Queue(unsigned short)
 .text._ZN5Queue11SendFromISRER7Command
                0x080080c2       0x3c ./SoarOS/Core/Queue.o
                0x080080c2                Queue::SendFromISR(Command&)
 *fill*         0x080080fe        0x2 
 .text._ZN5Queue4SendER7Commandb
                0x08008100       0x50 ./SoarOS/Core/Queue.o
                0x08008100                Queue::Send(Command&, bool)
 .text._ZN5Queue7ReceiveER7Commandm
                0x08008150       0x38 ./SoarOS/Core/Queue.o
                0x08008150                Queue::Receive(Command&, unsigned long)
 .text._ZN5Queue11ReceiveWaitER7Command
                0x08008188       0x38 ./SoarOS/Core/Queue.o
                0x08008188                Queue::ReceiveWait(Command&)
 .text._Znwj    0x080081c0       0x18 ./SoarOS/Core/Task.o
                0x080081c0                operator new(unsigned int)
 .text._ZN4TaskC2Et
                0x080081d8       0x4c ./SoarOS/Core/Task.o
                0x080081d8                Task::Task(unsigned short)
                0x080081d8                Task::Task(unsigned short)
 .text._ZNK4Task13GetEventQueueEv
                0x08008224       0x18 ./SoarOS/CubeDefines.o
                0x08008224                Task::GetEventQueue() const
 .text._Z10cube_printPKcz
                0x0800823c       0xc4 ./SoarOS/CubeDefines.o
                0x0800823c                cube_print(char const*, ...)
 .text._Z17cube_assert_debugbPKctS0_z
                0x08008300      0x184 ./SoarOS/CubeDefines.o
                0x08008300                cube_assert_debug(bool, char const*, unsigned short, char const*, ...)
 .text._Z41__static_initialization_and_destruction_0ii
                0x08008484       0x44 ./SoarOS/CubeDefines.o
 .text._GLOBAL__sub_I__ZN6Global11vaListMutexE
                0x080084c8       0x10 ./SoarOS/CubeDefines.o
 .text._GLOBAL__sub_D__ZN6Global11vaListMutexE
                0x080084d8       0x10 ./SoarOS/CubeDefines.o
 .text._ZNK7Command14GetDataPointerEv
                0x080084e8       0x18 ./SoarOS/CubeTask.o
                0x080084e8                Command::GetDataPointer() const
 .text._ZN8CubeTask7RunTaskEPv
                0x08008500       0x1e ./SoarOS/CubeTask.o
                0x08008500                CubeTask::RunTask(void*)
 *fill*         0x0800851e        0x2 
 .text._ZN8CubeTask8InitTaskEv
                0x08008520       0x64 ./SoarOS/CubeTask.o
                0x08008520                CubeTask::InitTask()
 .text._ZN8CubeTask3RunEPv
                0x08008584       0x34 ./SoarOS/CubeTask.o
                0x08008584                CubeTask::Run(void*)
 .text._ZN8CubeTask13HandleCommandER7Command
                0x080085b8       0x80 ./SoarOS/CubeTask.o
                0x080085b8                CubeTask::HandleCommand(Command&)
 .text.LL_USART_IsActiveFlag_PE
                0x08008638       0x26 ./SoarOS/Drivers/UARTDriver.o
 .text.LL_USART_IsActiveFlag_FE
                0x0800865e       0x26 ./SoarOS/Drivers/UARTDriver.o
 .text.LL_USART_IsActiveFlag_NE
                0x08008684       0x26 ./SoarOS/Drivers/UARTDriver.o
 .text.LL_USART_IsActiveFlag_ORE
                0x080086aa       0x26 ./SoarOS/Drivers/UARTDriver.o
 .text.LL_USART_IsActiveFlag_RXNE
                0x080086d0       0x26 ./SoarOS/Drivers/UARTDriver.o
 .text.LL_USART_IsActiveFlag_TC
                0x080086f6       0x26 ./SoarOS/Drivers/UARTDriver.o
 .text.LL_USART_IsActiveFlag_TXE
                0x0800871c       0x26 ./SoarOS/Drivers/UARTDriver.o
 .text.LL_USART_ClearFlag_ORE
                0x08008742       0x1a ./SoarOS/Drivers/UARTDriver.o
 .text.LL_USART_EnableIT_RXNE
                0x0800875c       0x4c ./SoarOS/Drivers/UARTDriver.o
 .text.LL_USART_ReceiveData8
                0x080087a8       0x1c ./SoarOS/Drivers/UARTDriver.o
 .text.LL_USART_TransmitData8
                0x080087c4       0x20 ./SoarOS/Drivers/UARTDriver.o
 .text._ZN10UARTDriver8TransmitEPht
                0x080087e4       0x76 ./SoarOS/Drivers/UARTDriver.o
                0x080087e4                UARTDriver::Transmit(unsigned char*, unsigned short)
 .text._ZN10UARTDriver9ReceiveITEPhP16UARTReceiverBase
                0x0800885a       0x56 ./SoarOS/Drivers/UARTDriver.o
                0x0800885a                UARTDriver::ReceiveIT(unsigned char*, UARTReceiverBase*)
 .text._ZN10UARTDriver21HandleAndClearRxErrorEv
                0x080088b0       0xa4 ./SoarOS/Drivers/UARTDriver.o
                0x080088b0                UARTDriver::HandleAndClearRxError()
 .text._ZN10UARTDriver11GetRxErrorsEv
                0x08008954       0x94 ./SoarOS/Drivers/UARTDriver.o
                0x08008954                UARTDriver::GetRxErrors()
 .text._ZN10UARTDriver14HandleIRQ_UARTEv
                0x080089e8       0x66 ./SoarOS/Drivers/UARTDriver.o
                0x080089e8                UARTDriver::HandleIRQ_UART()
 .text.__cxa_guard_acquire
                0x08008a4e       0x18 C:/ST/STM32CubeIDE_1.16.1/STM32CubeIDE/plugins/com.st.stm32cube.ide.mcu.externaltools.gnu-tools-for-stm32.12.3.rel1.win32_1.0.200.202406191623/tools/bin/../lib/gcc/arm-none-eabi/12.3.1/../../../../arm-none-eabi/lib/thumb/v7e-m+fp/hard\libstdc++_nano.a(guard.o)
                0x08008a4e                __cxa_guard_acquire
 .text.__cxa_guard_release
                0x08008a66        0x6 C:/ST/STM32CubeIDE_1.16.1/STM32CubeIDE/plugins/com.st.stm32cube.ide.mcu.externaltools.gnu-tools-for-stm32.12.3.rel1.win32_1.0.200.202406191623/tools/bin/../lib/gcc/arm-none-eabi/12.3.1/../../../../arm-none-eabi/lib/thumb/v7e-m+fp/hard\libstdc++_nano.a(guard.o)
                0x08008a66                __cxa_guard_release
 .text.snprintf
                0x08008a6c       0x68 C:/ST/STM32CubeIDE_1.16.1/STM32CubeIDE/plugins/com.st.stm32cube.ide.mcu.externaltools.gnu-tools-for-stm32.12.3.rel1.win32_1.0.200.202406191623/tools/bin/../lib/gcc/arm-none-eabi/12.3.1/../../../../arm-none-eabi/lib/thumb/v7e-m+fp/hard\libc_nano.a(libc_a-snprintf.o)
                0x08008a6c                sniprintf
                0x08008a6c                snprintf
 .text._vsnprintf_r
                0x08008ad4       0x56 C:/ST/STM32CubeIDE_1.16.1/STM32CubeIDE/plugins/com.st.stm32cube.ide.mcu.externaltools.gnu-tools-for-stm32.12.3.rel1.win32_1.0.200.202406191623/tools/bin/../lib/gcc/arm-none-eabi/12.3.1/../../../../arm-none-eabi/lib/thumb/v7e-m+fp/hard\libc_nano.a(libc_a-vsnprintf.o)
                0x08008ad4                _vsniprintf_r
                0x08008ad4                _vsnprintf_r
 *fill*         0x08008b2a        0x2 
 .text.vsnprintf
                0x08008b2c       0x1c C:/ST/STM32CubeIDE_1.16.1/STM32CubeIDE/plugins/com.st.stm32cube.ide.mcu.externaltools.gnu-tools-for-stm32.12.3.rel1.win32_1.0.200.202406191623/tools/bin/../lib/gcc/arm-none-eabi/12.3.1/../../../../arm-none-eabi/lib/thumb/v7e-m+fp/hard\libc_nano.a(libc_a-vsnprintf.o)
                0x08008b2c                vsniprintf
                0x08008b2c                vsnprintf
 .text.memset   0x08008b48       0x10 C:/ST/STM32CubeIDE_1.16.1/STM32CubeIDE/plugins/com.st.stm32cube.ide.mcu.externaltools.gnu-tools-for-stm32.12.3.rel1.win32_1.0.200.202406191623/tools/bin/../lib/gcc/arm-none-eabi/12.3.1/../../../../arm-none-eabi/lib/thumb/v7e-m+fp/hard\libc_nano.a(libc_a-memset.o)
                0x08008b48                memset
 .text._reclaim_reent
                0x08008b58       0xac C:/ST/STM32CubeIDE_1.16.1/STM32CubeIDE/plugins/com.st.stm32cube.ide.mcu.externaltools.gnu-tools-for-stm32.12.3.rel1.win32_1.0.200.202406191623/tools/bin/../lib/gcc/arm-none-eabi/12.3.1/../../../../arm-none-eabi/lib/thumb/v7e-m+fp/hard\libc_nano.a(libc_a-reent.o)
                0x08008b58                _reclaim_reent
 .text.__errno  0x08008c04        0xc C:/ST/STM32CubeIDE_1.16.1/STM32CubeIDE/plugins/com.st.stm32cube.ide.mcu.externaltools.gnu-tools-for-stm32.12.3.rel1.win32_1.0.200.202406191623/tools/bin/../lib/gcc/arm-none-eabi/12.3.1/../../../../arm-none-eabi/lib/thumb/v7e-m+fp/hard\libc_nano.a(libc_a-errno.o)
                0x08008c04                __errno
 .text.__libc_init_array
                0x08008c10       0x48 C:/ST/STM32CubeIDE_1.16.1/STM32CubeIDE/plugins/com.st.stm32cube.ide.mcu.externaltools.gnu-tools-for-stm32.12.3.rel1.win32_1.0.200.202406191623/tools/bin/../lib/gcc/arm-none-eabi/12.3.1/../../../../arm-none-eabi/lib/thumb/v7e-m+fp/hard\libc_nano.a(libc_a-init.o)
                0x08008c10                __libc_init_array
 .text.__retarget_lock_acquire_recursive
                0x08008c58        0x2 C:/ST/STM32CubeIDE_1.16.1/STM32CubeIDE/plugins/com.st.stm32cube.ide.mcu.externaltools.gnu-tools-for-stm32.12.3.rel1.win32_1.0.200.202406191623/tools/bin/../lib/gcc/arm-none-eabi/12.3.1/../../../../arm-none-eabi/lib/thumb/v7e-m+fp/hard\libc_nano.a(libc_a-lock.o)
                0x08008c58                __retarget_lock_acquire_recursive
 .text.__retarget_lock_release_recursive
                0x08008c5a        0x2 C:/ST/STM32CubeIDE_1.16.1/STM32CubeIDE/plugins/com.st.stm32cube.ide.mcu.externaltools.gnu-tools-for-stm32.12.3.rel1.win32_1.0.200.202406191623/tools/bin/../lib/gcc/arm-none-eabi/12.3.1/../../../../arm-none-eabi/lib/thumb/v7e-m+fp/hard\libc_nano.a(libc_a-lock.o)
                0x08008c5a                __retarget_lock_release_recursive
 .text.memcpy   0x08008c5c       0x1c C:/ST/STM32CubeIDE_1.16.1/STM32CubeIDE/plugins/com.st.stm32cube.ide.mcu.externaltools.gnu-tools-for-stm32.12.3.rel1.win32_1.0.200.202406191623/tools/bin/../lib/gcc/arm-none-eabi/12.3.1/../../../../arm-none-eabi/lib/thumb/v7e-m+fp/hard\libc_nano.a(libc_a-memcpy-stub.o)
                0x08008c5c                memcpy
 .text._free_r  0x08008c78       0x94 C:/ST/STM32CubeIDE_1.16.1/STM32CubeIDE/plugins/com.st.stm32cube.ide.mcu.externaltools.gnu-tools-for-stm32.12.3.rel1.win32_1.0.200.202406191623/tools/bin/../lib/gcc/arm-none-eabi/12.3.1/../../../../arm-none-eabi/lib/thumb/v7e-m+fp/hard\libc_nano.a(libc_a-freer.o)
                0x08008c78                _free_r
 .text.sbrk_aligned
                0x08008d0c       0x44 C:/ST/STM32CubeIDE_1.16.1/STM32CubeIDE/plugins/com.st.stm32cube.ide.mcu.externaltools.gnu-tools-for-stm32.12.3.rel1.win32_1.0.200.202406191623/tools/bin/../lib/gcc/arm-none-eabi/12.3.1/../../../../arm-none-eabi/lib/thumb/v7e-m+fp/hard\libc_nano.a(libc_a-mallocr.o)
 .text._malloc_r
                0x08008d50      0x100 C:/ST/STM32CubeIDE_1.16.1/STM32CubeIDE/plugins/com.st.stm32cube.ide.mcu.externaltools.gnu-tools-for-stm32.12.3.rel1.win32_1.0.200.202406191623/tools/bin/../lib/gcc/arm-none-eabi/12.3.1/../../../../arm-none-eabi/lib/thumb/v7e-m+fp/hard\libc_nano.a(libc_a-mallocr.o)
                0x08008d50                _malloc_r
 .text.__malloc_lock
                0x08008e50        0xc C:/ST/STM32CubeIDE_1.16.1/STM32CubeIDE/plugins/com.st.stm32cube.ide.mcu.externaltools.gnu-tools-for-stm32.12.3.rel1.win32_1.0.200.202406191623/tools/bin/../lib/gcc/arm-none-eabi/12.3.1/../../../../arm-none-eabi/lib/thumb/v7e-m+fp/hard\libc_nano.a(libc_a-mlock.o)
                0x08008e50                __malloc_lock
 .text.__malloc_unlock
                0x08008e5c        0xc C:/ST/STM32CubeIDE_1.16.1/STM32CubeIDE/plugins/com.st.stm32cube.ide.mcu.externaltools.gnu-tools-for-stm32.12.3.rel1.win32_1.0.200.202406191623/tools/bin/../lib/gcc/arm-none-eabi/12.3.1/../../../../arm-none-eabi/lib/thumb/v7e-m+fp/hard\libc_nano.a(libc_a-mlock.o)
                0x08008e5c                __malloc_unlock
 .text.__ssputs_r
                0x08008e68       0xb6 C:/ST/STM32CubeIDE_1.16.1/STM32CubeIDE/plugins/com.st.stm32cube.ide.mcu.externaltools.gnu-tools-for-stm32.12.3.rel1.win32_1.0.200.202406191623/tools/bin/../lib/gcc/arm-none-eabi/12.3.1/../../../../arm-none-eabi/lib/thumb/v7e-m+fp/hard\libc_nano.a(libc_a-nano-svfprintf.o)
                0x08008e68                __ssputs_r
 *fill*         0x08008f1e        0x2 
 .text._svfprintf_r
                0x08008f20      0x1f8 C:/ST/STM32CubeIDE_1.16.1/STM32CubeIDE/plugins/com.st.stm32cube.ide.mcu.externaltools.gnu-tools-for-stm32.12.3.rel1.win32_1.0.200.202406191623/tools/bin/../lib/gcc/arm-none-eabi/12.3.1/../../../../arm-none-eabi/lib/thumb/v7e-m+fp/hard\libc_nano.a(libc_a-nano-svfprintf.o)
                0x08008f20                _svfiprintf_r
                0x08008f20                _svfprintf_r
 .text._printf_common
                0x08009118       0xda C:/ST/STM32CubeIDE_1.16.1/STM32CubeIDE/plugins/com.st.stm32cube.ide.mcu.externaltools.gnu-tools-for-stm32.12.3.rel1.win32_1.0.200.202406191623/tools/bin/../lib/gcc/arm-none-eabi/12.3.1/../../../../arm-none-eabi/lib/thumb/v7e-m+fp/hard\libc_nano.a(libc_a-nano-vfprintf_i.o)
                0x08009118                _printf_common
 *fill*         0x080091f2        0x2 
 .text._printf_i
                0x080091f4      0x240 C:/ST/STM32CubeIDE_1.16.1/STM32CubeIDE/plugins/com.st.stm32cube.ide.mcu.externaltools.gnu-tools-for-stm32.12.3.rel1.win32_1.0.200.202406191623/tools/bin/../lib/gcc/arm-none-eabi/12.3.1/../../../../arm-none-eabi/lib/thumb/v7e-m+fp/hard\libc_nano.a(libc_a-nano-vfprintf_i.o)
                0x080091f4                _printf_i
 .text.memmove  0x08009434       0x34 C:/ST/STM32CubeIDE_1.16.1/STM32CubeIDE/plugins/com.st.stm32cube.ide.mcu.externaltools.gnu-tools-for-stm32.12.3.rel1.win32_1.0.200.202406191623/tools/bin/../lib/gcc/arm-none-eabi/12.3.1/../../../../arm-none-eabi/lib/thumb/v7e-m+fp/hard\libc_nano.a(libc_a-memmove.o)
                0x08009434                memmove
 .text._sbrk_r  0x08009468       0x20 C:/ST/STM32CubeIDE_1.16.1/STM32CubeIDE/plugins/com.st.stm32cube.ide.mcu.externaltools.gnu-tools-for-stm32.12.3.rel1.win32_1.0.200.202406191623/tools/bin/../lib/gcc/arm-none-eabi/12.3.1/../../../../arm-none-eabi/lib/thumb/v7e-m+fp/hard\libc_nano.a(libc_a-sbrkr.o)
                0x08009468                _sbrk_r
 .text._realloc_r
                0x08009488       0x5c C:/ST/STM32CubeIDE_1.16.1/STM32CubeIDE/plugins/com.st.stm32cube.ide.mcu.externaltools.gnu-tools-for-stm32.12.3.rel1.win32_1.0.200.202406191623/tools/bin/../lib/gcc/arm-none-eabi/12.3.1/../../../../arm-none-eabi/lib/thumb/v7e-m+fp/hard\libc_nano.a(libc_a-reallocr.o)
                0x08009488                _realloc_r
 .text._malloc_usable_size_r
                0x080094e4       0x10 C:/ST/STM32CubeIDE_1.16.1/STM32CubeIDE/plugins/com.st.stm32cube.ide.mcu.externaltools.gnu-tools-for-stm32.12.3.rel1.win32_1.0.200.202406191623/tools/bin/../lib/gcc/arm-none-eabi/12.3.1/../../../../arm-none-eabi/lib/thumb/v7e-m+fp/hard\libc_nano.a(libc_a-msizer.o)
                0x080094e4                _malloc_usable_size_r
 *(.glue_7)
 .glue_7        0x080094f4        0x0 linker stubs
 *(.glue_7t)
 .glue_7t       0x080094f4        0x0 linker stubs
 *(.eh_frame)
 .eh_frame      0x080094f4        0x0 C:/ST/STM32CubeIDE_1.16.1/STM32CubeIDE/plugins/com.st.stm32cube.ide.mcu.externaltools.gnu-tools-for-stm32.12.3.rel1.win32_1.0.200.202406191623/tools/bin/../lib/gcc/arm-none-eabi/12.3.1/thumb/v7e-m+fp/hard/crtbegin.o
 *(.init)
 .init          0x080094f4        0x4 C:/ST/STM32CubeIDE_1.16.1/STM32CubeIDE/plugins/com.st.stm32cube.ide.mcu.externaltools.gnu-tools-for-stm32.12.3.rel1.win32_1.0.200.202406191623/tools/bin/../lib/gcc/arm-none-eabi/12.3.1/thumb/v7e-m+fp/hard/crti.o
                0x080094f4                _init
 .init          0x080094f8        0x8 C:/ST/STM32CubeIDE_1.16.1/STM32CubeIDE/plugins/com.st.stm32cube.ide.mcu.externaltools.gnu-tools-for-stm32.12.3.rel1.win32_1.0.200.202406191623/tools/bin/../lib/gcc/arm-none-eabi/12.3.1/thumb/v7e-m+fp/hard/crtn.o
 *(.fini)
 .fini          0x08009500        0x4 C:/ST/STM32CubeIDE_1.16.1/STM32CubeIDE/plugins/com.st.stm32cube.ide.mcu.externaltools.gnu-tools-for-stm32.12.3.rel1.win32_1.0.200.202406191623/tools/bin/../lib/gcc/arm-none-eabi/12.3.1/thumb/v7e-m+fp/hard/crti.o
                0x08009500                _fini
 .fini          0x08009504        0x8 C:/ST/STM32CubeIDE_1.16.1/STM32CubeIDE/plugins/com.st.stm32cube.ide.mcu.externaltools.gnu-tools-for-stm32.12.3.rel1.win32_1.0.200.202406191623/tools/bin/../lib/gcc/arm-none-eabi/12.3.1/thumb/v7e-m+fp/hard/crtn.o
                0x0800950c                        . = ALIGN (0x4)
                0x0800950c                        _etext = .

.vfp11_veneer   0x0800950c        0x0
 .vfp11_veneer  0x0800950c        0x0 linker stubs

.v4_bx          0x0800950c        0x0
 .v4_bx         0x0800950c        0x0 linker stubs

.iplt           0x0800950c        0x0
 .iplt          0x0800950c        0x0 C:/ST/STM32CubeIDE_1.16.1/STM32CubeIDE/plugins/com.st.stm32cube.ide.mcu.externaltools.gnu-tools-for-stm32.12.3.rel1.win32_1.0.200.202406191623/tools/bin/../lib/gcc/arm-none-eabi/12.3.1/thumb/v7e-m+fp/hard/crtbegin.o

.rodata         0x0800950c      0x740
                0x0800950c                        . = ALIGN (0x4)
 *(.rodata)
 .rodata        0x0800950c       0xb2 ./Components/main_system.o
 *fill*         0x080095be        0x2 
 .rodata        0x080095c0      0x170 ./Core/Src/OscillatorLogger.o
 .rodata        0x08009730      0x15e ./Core/Src/OscillatorTask.o
 *fill*         0x0800988e        0x2 
 .rodata        0x08009890        0x5 ./Middlewares/Third_Party/FreeRTOS/Source/tasks.o
 *fill*         0x08009895        0x3 
 .rodata        0x08009898        0xd ./Middlewares/Third_Party/FreeRTOS/Source/timers.o
 *fill*         0x080098a5        0x3 
 .rodata        0x080098a8       0x97 ./SoarOS/Core/Command.o
 *fill*         0x0800993f        0x1 
 .rodata        0x08009940       0x35 ./SoarOS/Core/Mutex.o
 *fill*         0x08009975        0x3 
 .rodata        0x08009978       0x47 ./SoarOS/Core/Queue.o
 *fill*         0x080099bf        0x1 
 .rodata        0x080099c0       0xec ./SoarOS/CubeDefines.o
 .rodata        0x08009aac       0xd6 ./SoarOS/CubeTask.o
 *(.rodata*)
 *fill*         0x08009b82        0x2 
 .rodata._ZTV16OscillatorLogger
                0x08009b84        0xc ./Core/Src/OscillatorLogger.o
                0x08009b84                vtable for OscillatorLogger
 .rodata._ZTV14OscillatorTask
                0x08009b90       0x1c ./Core/Src/OscillatorTask.o
                0x08009b90                vtable for OscillatorTask
 .rodata._ZTV16UARTReceiverBase
                0x08009bac        0xc ./Core/Src/OscillatorTask.o
                0x08009bac                vtable for UARTReceiverBase
 .rodata.AHBPrescTable
                0x08009bb8       0x10 ./Core/Src/system_stm32l4xx.o
                0x08009bb8                AHBPrescTable
 .rodata.APBPrescTable
                0x08009bc8        0x8 ./Core/Src/system_stm32l4xx.o
                0x08009bc8                APBPrescTable
 .rodata.MSIRangeTable
                0x08009bd0       0x30 ./Core/Src/system_stm32l4xx.o
                0x08009bd0                MSIRangeTable
 .rodata._ZTV4Task
                0x08009c00        0xc ./SoarOS/Core/Task.o
                0x08009c00                vtable for Task
 .rodata._ZTV8CubeTask
                0x08009c0c        0xc ./SoarOS/CubeTask.o
                0x08009c0c                vtable for CubeTask
 .rodata._svfprintf_r.str1.1
                0x08009c18       0x11 C:/ST/STM32CubeIDE_1.16.1/STM32CubeIDE/plugins/com.st.stm32cube.ide.mcu.externaltools.gnu-tools-for-stm32.12.3.rel1.win32_1.0.200.202406191623/tools/bin/../lib/gcc/arm-none-eabi/12.3.1/../../../../arm-none-eabi/lib/thumb/v7e-m+fp/hard\libc_nano.a(libc_a-nano-svfprintf.o)
 .rodata._printf_i.str1.1
                0x08009c29       0x22 C:/ST/STM32CubeIDE_1.16.1/STM32CubeIDE/plugins/com.st.stm32cube.ide.mcu.externaltools.gnu-tools-for-stm32.12.3.rel1.win32_1.0.200.202406191623/tools/bin/../lib/gcc/arm-none-eabi/12.3.1/../../../../arm-none-eabi/lib/thumb/v7e-m+fp/hard\libc_nano.a(libc_a-nano-vfprintf_i.o)
                0x08009c4c                        . = ALIGN (0x4)
 *fill*         0x08009c4b        0x1 

.ARM.extab      0x08009c4c        0x0
                0x08009c4c                        . = ALIGN (0x4)
 *(.ARM.extab* .gnu.linkonce.armextab.*)
                0x08009c4c                        . = ALIGN (0x4)

.ARM            0x08009c4c        0x8
                0x08009c4c                        . = ALIGN (0x4)
                0x08009c4c                        __exidx_start = .
 *(.ARM.exidx*)
 .ARM.exidx     0x08009c4c        0x8 C:/ST/STM32CubeIDE_1.16.1/STM32CubeIDE/plugins/com.st.stm32cube.ide.mcu.externaltools.gnu-tools-for-stm32.12.3.rel1.win32_1.0.200.202406191623/tools/bin/../lib/gcc/arm-none-eabi/12.3.1/../../../../arm-none-eabi/lib/thumb/v7e-m+fp/hard\libc_nano.a(libc_a-strcmp.o)
 .ARM.exidx     0x08009c54        0x0 C:/ST/STM32CubeIDE_1.16.1/STM32CubeIDE/plugins/com.st.stm32cube.ide.mcu.externaltools.gnu-tools-for-stm32.12.3.rel1.win32_1.0.200.202406191623/tools/bin/../lib/gcc/arm-none-eabi/12.3.1/../../../../arm-none-eabi/lib/thumb/v7e-m+fp/hard\libc_nano.a(libc_a-strlen.o)
                                  0x8 (size before relaxing)
 .ARM.exidx     0x08009c54        0x0 C:/ST/STM32CubeIDE_1.16.1/STM32CubeIDE/plugins/com.st.stm32cube.ide.mcu.externaltools.gnu-tools-for-stm32.12.3.rel1.win32_1.0.200.202406191623/tools/bin/../lib/gcc/arm-none-eabi/12.3.1/../../../../arm-none-eabi/lib/thumb/v7e-m+fp/hard\libc_nano.a(libc_a-memchr.o)
                                  0x8 (size before relaxing)
                0x08009c54                        __exidx_end = .
                0x08009c54                        . = ALIGN (0x4)

.preinit_array  0x08009c54        0x0
                0x08009c54                        . = ALIGN (0x4)
                0x08009c54                        PROVIDE (__preinit_array_start = .)
 *(.preinit_array*)
                0x08009c54                        PROVIDE (__preinit_array_end = .)
                0x08009c54                        . = ALIGN (0x4)

.init_array     0x08009c54        0xc
                0x08009c54                        . = ALIGN (0x4)
                0x08009c54                        PROVIDE (__init_array_start = .)
 *(SORT_BY_NAME(.init_array.*))
 *(.init_array*)
 .init_array    0x08009c54        0x4 C:/ST/STM32CubeIDE_1.16.1/STM32CubeIDE/plugins/com.st.stm32cube.ide.mcu.externaltools.gnu-tools-for-stm32.12.3.rel1.win32_1.0.200.202406191623/tools/bin/../lib/gcc/arm-none-eabi/12.3.1/thumb/v7e-m+fp/hard/crtbegin.o
 .init_array    0x08009c58        0x4 ./Components/main_system.o
 .init_array    0x08009c5c        0x4 ./SoarOS/CubeDefines.o
                0x08009c60                        PROVIDE (__init_array_end = .)
                0x08009c60                        . = ALIGN (0x4)

.fini_array     0x08009c60        0x8
                0x08009c60                        . = ALIGN (0x4)
                [!provide]                        PROVIDE (__fini_array_start = .)
 *(SORT_BY_NAME(.fini_array.*))
 *(.fini_array*)
 .fini_array    0x08009c60        0x4 C:/ST/STM32CubeIDE_1.16.1/STM32CubeIDE/plugins/com.st.stm32cube.ide.mcu.externaltools.gnu-tools-for-stm32.12.3.rel1.win32_1.0.200.202406191623/tools/bin/../lib/gcc/arm-none-eabi/12.3.1/thumb/v7e-m+fp/hard/crtbegin.o
 .fini_array    0x08009c64        0x4 ./SoarOS/CubeDefines.o
                [!provide]                        PROVIDE (__fini_array_end = .)
                0x08009c68                        . = ALIGN (0x4)
                0x08009c68                        _sidata = LOADADDR (.data)

.rel.dyn        0x08009c68        0x0
 .rel.iplt      0x08009c68        0x0 C:/ST/STM32CubeIDE_1.16.1/STM32CubeIDE/plugins/com.st.stm32cube.ide.mcu.externaltools.gnu-tools-for-stm32.12.3.rel1.win32_1.0.200.202406191623/tools/bin/../lib/gcc/arm-none-eabi/12.3.1/thumb/v7e-m+fp/hard/crtbegin.o

.data           0x20000000       0x80 load address 0x08009c68
                0x20000000                        . = ALIGN (0x4)
                0x20000000                        _sdata = .
 *(.data)
 *(.data*)
 .data.SystemCoreClock
                0x20000000        0x4 ./Core/Src/system_stm32l4xx.o
                0x20000000                SystemCoreClock
 .data.uwTickPrio
                0x20000004        0x4 ./Drivers/STM32L4xx_HAL_Driver/Src/stm32l4xx_hal.o
                0x20000004                uwTickPrio
 .data.uwTickFreq
                0x20000008        0x1 ./Drivers/STM32L4xx_HAL_Driver/Src/stm32l4xx_hal.o
                0x20000008                uwTickFreq
 *fill*         0x20000009        0x3 
 .data.pFlash   0x2000000c       0x20 ./Drivers/STM32L4xx_HAL_Driver/Src/stm32l4xx_hal_flash.o
                0x2000000c                pFlash
 .data.uxCriticalNesting
                0x2000002c        0x4 ./Middlewares/Third_Party/FreeRTOS/Source/portable/GCC/ARM_CM4F/port.o
 .data._impure_ptr
                0x20000030        0x4 C:/ST/STM32CubeIDE_1.16.1/STM32CubeIDE/plugins/com.st.stm32cube.ide.mcu.externaltools.gnu-tools-for-stm32.12.3.rel1.win32_1.0.200.202406191623/tools/bin/../lib/gcc/arm-none-eabi/12.3.1/../../../../arm-none-eabi/lib/thumb/v7e-m+fp/hard\libc_nano.a(libc_a-impure.o)
                0x20000030                _impure_ptr
 .data._impure_data
                0x20000034       0x4c C:/ST/STM32CubeIDE_1.16.1/STM32CubeIDE/plugins/com.st.stm32cube.ide.mcu.externaltools.gnu-tools-for-stm32.12.3.rel1.win32_1.0.200.202406191623/tools/bin/../lib/gcc/arm-none-eabi/12.3.1/../../../../arm-none-eabi/lib/thumb/v7e-m+fp/hard\libc_nano.a(libc_a-impure.o)
                0x20000034                _impure_data
 *(.RamFunc)
 *(.RamFunc*)
                0x20000080                        . = ALIGN (0x4)
                0x20000080                        _edata = .

.igot.plt       0x20000080        0x0 load address 0x08009ce8
 .igot.plt      0x20000080        0x0 C:/ST/STM32CubeIDE_1.16.1/STM32CubeIDE/plugins/com.st.stm32cube.ide.mcu.externaltools.gnu-tools-for-stm32.12.3.rel1.win32_1.0.200.202406191623/tools/bin/../lib/gcc/arm-none-eabi/12.3.1/thumb/v7e-m+fp/hard/crtbegin.o
                0x20000080                        . = ALIGN (0x4)

.bss            0x20000080     0xabb4 load address 0x08009ce8
                0x20000080                        _sbss = .
                0x20000080                        __bss_start__ = _sbss
 *(.bss)
 .bss           0x20000080       0x1c C:/ST/STM32CubeIDE_1.16.1/STM32CubeIDE/plugins/com.st.stm32cube.ide.mcu.externaltools.gnu-tools-for-stm32.12.3.rel1.win32_1.0.200.202406191623/tools/bin/../lib/gcc/arm-none-eabi/12.3.1/thumb/v7e-m+fp/hard/crtbegin.o
 *(.bss*)
 .bss._ZZN8CubeTask4InstEvE4inst
                0x2000009c        0xc ./Components/main_system.o
                0x2000009c                CubeTask::Inst()::inst
 .bss._ZGVZN8CubeTask4InstEvE4inst
                0x200000a8        0x4 ./Components/main_system.o
                0x200000a8                guard variable for CubeTask::Inst()::inst
 .bss._ZZN14OscillatorTask4InstEvE4inst
                0x200000ac       0x38 ./Components/main_system.o
                0x200000ac                OscillatorTask::Inst()::inst
 .bss._ZGVZN14OscillatorTask4InstEvE4inst
                0x200000e4        0x4 ./Components/main_system.o
                0x200000e4                guard variable for OscillatorTask::Inst()::inst
 .bss._ZZN16OscillatorLogger4InstEvE8instance
                0x200000e8       0x10 ./Components/main_system.o
                0x200000e8                OscillatorLogger::Inst()::instance
 .bss._ZGVZN16OscillatorLogger4InstEvE8instance
                0x200000f8        0x4 ./Components/main_system.o
                0x200000f8                guard variable for OscillatorLogger::Inst()::instance
 .bss._ZN6Driver5uart1E
                0x200000fc        0xc ./Components/main_system.o
                0x200000fc                Driver::uart1
 .bss.xIdleTaskTCBBuffer
                0x20000108       0xa0 ./Core/Src/freertos.o
 .bss.xIdleStack
                0x200001a8      0x300 ./Core/Src/freertos.o
 .bss.xTimerTaskTCBBuffer
                0x200004a8       0xa0 ./Core/Src/freertos.o
 .bss.xTimerStack
                0x20000548      0x600 ./Core/Src/freertos.o
 .bss.hcrc      0x20000b48       0x24 ./Core/Src/main.o
                0x20000b48                hcrc
 .bss.hi2c2     0x20000b6c       0x54 ./Core/Src/main.o
                0x20000b6c                hi2c2
 .bss.htim1     0x20000bc0       0x4c ./Core/Src/stm32l4xx_hal_timebase_tim.o
                0x20000bc0                htim1
 .bss.__sbrk_heap_end
                0x20000c0c        0x4 ./Core/Src/sysmem.o
 .bss.uwTick    0x20000c10        0x4 ./Drivers/STM32L4xx_HAL_Driver/Src/stm32l4xx_hal.o
                0x20000c10                uwTick
 .bss.xQueueRegistry
                0x20000c14       0x40 ./Middlewares/Third_Party/FreeRTOS/Source/queue.o
                0x20000c14                xQueueRegistry
 .bss.pxCurrentTCB
                0x20000c54        0x4 ./Middlewares/Third_Party/FreeRTOS/Source/tasks.o
                0x20000c54                pxCurrentTCB
 .bss.pxReadyTasksLists
                0x20000c58       0x8c ./Middlewares/Third_Party/FreeRTOS/Source/tasks.o
 .bss.xDelayedTaskList1
                0x20000ce4       0x14 ./Middlewares/Third_Party/FreeRTOS/Source/tasks.o
 .bss.xDelayedTaskList2
                0x20000cf8       0x14 ./Middlewares/Third_Party/FreeRTOS/Source/tasks.o
 .bss.pxDelayedTaskList
                0x20000d0c        0x4 ./Middlewares/Third_Party/FreeRTOS/Source/tasks.o
 .bss.pxOverflowDelayedTaskList
                0x20000d10        0x4 ./Middlewares/Third_Party/FreeRTOS/Source/tasks.o
 .bss.xPendingReadyList
                0x20000d14       0x14 ./Middlewares/Third_Party/FreeRTOS/Source/tasks.o
 .bss.xTasksWaitingTermination
                0x20000d28       0x14 ./Middlewares/Third_Party/FreeRTOS/Source/tasks.o
 .bss.uxDeletedTasksWaitingCleanUp
                0x20000d3c        0x4 ./Middlewares/Third_Party/FreeRTOS/Source/tasks.o
 .bss.xSuspendedTaskList
                0x20000d40       0x14 ./Middlewares/Third_Party/FreeRTOS/Source/tasks.o
 .bss.uxCurrentNumberOfTasks
                0x20000d54        0x4 ./Middlewares/Third_Party/FreeRTOS/Source/tasks.o
 .bss.xTickCount
                0x20000d58        0x4 ./Middlewares/Third_Party/FreeRTOS/Source/tasks.o
 .bss.uxTopReadyPriority
                0x20000d5c        0x4 ./Middlewares/Third_Party/FreeRTOS/Source/tasks.o
 .bss.xSchedulerRunning
                0x20000d60        0x4 ./Middlewares/Third_Party/FreeRTOS/Source/tasks.o
 .bss.xPendedTicks
                0x20000d64        0x4 ./Middlewares/Third_Party/FreeRTOS/Source/tasks.o
 .bss.xYieldPending
                0x20000d68        0x4 ./Middlewares/Third_Party/FreeRTOS/Source/tasks.o
 .bss.xNumOfOverflows
                0x20000d6c        0x4 ./Middlewares/Third_Party/FreeRTOS/Source/tasks.o
 .bss.uxTaskNumber
                0x20000d70        0x4 ./Middlewares/Third_Party/FreeRTOS/Source/tasks.o
 .bss.xNextTaskUnblockTime
                0x20000d74        0x4 ./Middlewares/Third_Party/FreeRTOS/Source/tasks.o
 .bss.xIdleTaskHandle
                0x20000d78        0x4 ./Middlewares/Third_Party/FreeRTOS/Source/tasks.o
 .bss.uxSchedulerSuspended
                0x20000d7c        0x4 ./Middlewares/Third_Party/FreeRTOS/Source/tasks.o
 .bss.xActiveTimerList1
                0x20000d80       0x14 ./Middlewares/Third_Party/FreeRTOS/Source/timers.o
 .bss.xActiveTimerList2
                0x20000d94       0x14 ./Middlewares/Third_Party/FreeRTOS/Source/timers.o
 .bss.pxCurrentTimerList
                0x20000da8        0x4 ./Middlewares/Third_Party/FreeRTOS/Source/timers.o
 .bss.pxOverflowTimerList
                0x20000dac        0x4 ./Middlewares/Third_Party/FreeRTOS/Source/timers.o
 .bss.xTimerQueue
                0x20000db0        0x4 ./Middlewares/Third_Party/FreeRTOS/Source/timers.o
 .bss.xTimerTaskHandle
                0x20000db4        0x4 ./Middlewares/Third_Party/FreeRTOS/Source/timers.o
 .bss.xLastTime.2
                0x20000db8        0x4 ./Middlewares/Third_Party/FreeRTOS/Source/timers.o
 .bss.ucStaticTimerQueueStorage.1
                0x20000dbc       0x78 ./Middlewares/Third_Party/FreeRTOS/Source/timers.o
 .bss.xStaticTimerQueue.0
                0x20000e34       0x48 ./Middlewares/Third_Party/FreeRTOS/Source/timers.o
 .bss.ucMaxSysCallPriority
                0x20000e7c        0x1 ./Middlewares/Third_Party/FreeRTOS/Source/portable/GCC/ARM_CM4F/port.o
 *fill*         0x20000e7d        0x3 
 .bss.ulMaxPRIGROUPValue
                0x20000e80        0x4 ./Middlewares/Third_Party/FreeRTOS/Source/portable/GCC/ARM_CM4F/port.o
 .bss.ucHeap    0x20000e84     0x9c40 ./Middlewares/Third_Party/FreeRTOS/Source/portable/MemMang/heap_4.o
 .bss.xStart    0x2000aac4        0x8 ./Middlewares/Third_Party/FreeRTOS/Source/portable/MemMang/heap_4.o
 .bss.pxEnd     0x2000aacc        0x4 ./Middlewares/Third_Party/FreeRTOS/Source/portable/MemMang/heap_4.o
 .bss.xFreeBytesRemaining
                0x2000aad0        0x4 ./Middlewares/Third_Party/FreeRTOS/Source/portable/MemMang/heap_4.o
 .bss.xMinimumEverFreeBytesRemaining
                0x2000aad4        0x4 ./Middlewares/Third_Party/FreeRTOS/Source/portable/MemMang/heap_4.o
 .bss.xNumberOfSuccessfulAllocations
                0x2000aad8        0x4 ./Middlewares/Third_Party/FreeRTOS/Source/portable/MemMang/heap_4.o
 .bss.xNumberOfSuccessfulFrees
                0x2000aadc        0x4 ./Middlewares/Third_Party/FreeRTOS/Source/portable/MemMang/heap_4.o
 .bss.xBlockAllocatedBit
                0x2000aae0        0x4 ./Middlewares/Third_Party/FreeRTOS/Source/portable/MemMang/heap_4.o
 .bss._ZN7Command21statAllocationCounterE
                0x2000aae4        0x2 ./SoarOS/Core/Command.o
                0x2000aae4                Command::statAllocationCounter
 *fill*         0x2000aae6        0x2 
 .bss._ZN6Global11vaListMutexE
                0x2000aae8        0x4 ./SoarOS/CubeDefines.o
                0x2000aae8                Global::vaListMutex
 .bss.__sf      0x2000aaec      0x138 C:/ST/STM32CubeIDE_1.16.1/STM32CubeIDE/plugins/com.st.stm32cube.ide.mcu.externaltools.gnu-tools-for-stm32.12.3.rel1.win32_1.0.200.202406191623/tools/bin/../lib/gcc/arm-none-eabi/12.3.1/../../../../arm-none-eabi/lib/thumb/v7e-m+fp/hard\libc_nano.a(libc_a-findfp.o)
                0x2000aaec                __sf
 .bss.errno     0x2000ac24        0x4 C:/ST/STM32CubeIDE_1.16.1/STM32CubeIDE/plugins/com.st.stm32cube.ide.mcu.externaltools.gnu-tools-for-stm32.12.3.rel1.win32_1.0.200.202406191623/tools/bin/../lib/gcc/arm-none-eabi/12.3.1/../../../../arm-none-eabi/lib/thumb/v7e-m+fp/hard\libc_nano.a(libc_a-reent.o)
                0x2000ac24                errno
 .bss.__lock___malloc_recursive_mutex
                0x2000ac28        0x1 C:/ST/STM32CubeIDE_1.16.1/STM32CubeIDE/plugins/com.st.stm32cube.ide.mcu.externaltools.gnu-tools-for-stm32.12.3.rel1.win32_1.0.200.202406191623/tools/bin/../lib/gcc/arm-none-eabi/12.3.1/../../../../arm-none-eabi/lib/thumb/v7e-m+fp/hard\libc_nano.a(libc_a-lock.o)
                0x2000ac28                __lock___malloc_recursive_mutex
 *fill*         0x2000ac29        0x3 
 .bss.__malloc_sbrk_start
                0x2000ac2c        0x4 C:/ST/STM32CubeIDE_1.16.1/STM32CubeIDE/plugins/com.st.stm32cube.ide.mcu.externaltools.gnu-tools-for-stm32.12.3.rel1.win32_1.0.200.202406191623/tools/bin/../lib/gcc/arm-none-eabi/12.3.1/../../../../arm-none-eabi/lib/thumb/v7e-m+fp/hard\libc_nano.a(libc_a-mallocr.o)
                0x2000ac2c                __malloc_sbrk_start
 .bss.__malloc_free_list
                0x2000ac30        0x4 C:/ST/STM32CubeIDE_1.16.1/STM32CubeIDE/plugins/com.st.stm32cube.ide.mcu.externaltools.gnu-tools-for-stm32.12.3.rel1.win32_1.0.200.202406191623/tools/bin/../lib/gcc/arm-none-eabi/12.3.1/../../../../arm-none-eabi/lib/thumb/v7e-m+fp/hard\libc_nano.a(libc_a-mallocr.o)
                0x2000ac30                __malloc_free_list
 *(COMMON)
                0x2000ac34                        . = ALIGN (0x4)
                0x2000ac34                        _ebss = .
                0x2000ac34                        __bss_end__ = _ebss

._user_heap_stack
                0x2000ac34      0x604 load address 0x08009ce8
                0x2000ac38                        . = ALIGN (0x8)
 *fill*         0x2000ac34        0x4 
                [!provide]                        PROVIDE (end = .)
                0x2000ac38                        PROVIDE (_end = .)
                0x2000ae38                        . = (. + _Min_Heap_Size)
 *fill*         0x2000ac38      0x200 
                0x2000b238                        . = (. + _Min_Stack_Size)
 *fill*         0x2000ae38      0x400 
                0x2000b238                        . = ALIGN (0x8)

/DISCARD/
 libc.a(*)
 libm.a(*)
 libgcc.a(*)

.ARM.attributes
                0x00000000       0x30
 *(.ARM.attributes)
 .ARM.attributes
                0x00000000       0x22 C:/ST/STM32CubeIDE_1.16.1/STM32CubeIDE/plugins/com.st.stm32cube.ide.mcu.externaltools.gnu-tools-for-stm32.12.3.rel1.win32_1.0.200.202406191623/tools/bin/../lib/gcc/arm-none-eabi/12.3.1/thumb/v7e-m+fp/hard/crti.o
 .ARM.attributes
                0x00000022       0x34 C:/ST/STM32CubeIDE_1.16.1/STM32CubeIDE/plugins/com.st.stm32cube.ide.mcu.externaltools.gnu-tools-for-stm32.12.3.rel1.win32_1.0.200.202406191623/tools/bin/../lib/gcc/arm-none-eabi/12.3.1/thumb/v7e-m+fp/hard/crtbegin.o
 .ARM.attributes
                0x00000056       0x34 ./Components/RunInterface.o
 .ARM.attributes
                0x0000008a       0x34 ./Components/main_system.o
 .ARM.attributes
                0x000000be       0x34 ./Core/Src/OscillatorLogger.o
 .ARM.attributes
                0x000000f2       0x34 ./Core/Src/OscillatorTask.o
 .ARM.attributes
                0x00000126       0x34 ./Core/Src/freertos.o
 .ARM.attributes
                0x0000015a       0x34 ./Core/Src/lis3dh_utils.o
 .ARM.attributes
                0x0000018e       0x34 ./Core/Src/main.o
 .ARM.attributes
                0x000001c2       0x34 ./Core/Src/stm32l4xx_hal_msp.o
 .ARM.attributes
                0x000001f6       0x34 ./Core/Src/stm32l4xx_hal_timebase_tim.o
 .ARM.attributes
                0x0000022a       0x34 ./Core/Src/stm32l4xx_it.o
 .ARM.attributes
                0x0000025e       0x34 ./Core/Src/sysmem.o
 .ARM.attributes
                0x00000292       0x34 ./Core/Src/system_stm32l4xx.o
 .ARM.attributes
                0x000002c6       0x21 ./Core/Startup/startup_stm32l431rbtx.o
 .ARM.attributes
                0x000002e7       0x34 ./Drivers/STM32L4xx_HAL_Driver/Src/stm32l4xx_hal.o
 .ARM.attributes
                0x0000031b       0x34 ./Drivers/STM32L4xx_HAL_Driver/Src/stm32l4xx_hal_cortex.o
 .ARM.attributes
                0x0000034f       0x34 ./Drivers/STM32L4xx_HAL_Driver/Src/stm32l4xx_hal_crc.o
 .ARM.attributes
                0x00000383       0x34 ./Drivers/STM32L4xx_HAL_Driver/Src/stm32l4xx_hal_crc_ex.o
 .ARM.attributes
                0x000003b7       0x34 ./Drivers/STM32L4xx_HAL_Driver/Src/stm32l4xx_hal_flash.o
 .ARM.attributes
                0x000003eb       0x34 ./Drivers/STM32L4xx_HAL_Driver/Src/stm32l4xx_hal_flash_ex.o
 .ARM.attributes
                0x0000041f       0x34 ./Drivers/STM32L4xx_HAL_Driver/Src/stm32l4xx_hal_gpio.o
 .ARM.attributes
                0x00000453       0x34 ./Drivers/STM32L4xx_HAL_Driver/Src/stm32l4xx_hal_i2c.o
 .ARM.attributes
                0x00000487       0x34 ./Drivers/STM32L4xx_HAL_Driver/Src/stm32l4xx_hal_i2c_ex.o
 .ARM.attributes
                0x000004bb       0x34 ./Drivers/STM32L4xx_HAL_Driver/Src/stm32l4xx_hal_pwr_ex.o
 .ARM.attributes
                0x000004ef       0x34 ./Drivers/STM32L4xx_HAL_Driver/Src/stm32l4xx_hal_rcc.o
 .ARM.attributes
                0x00000523       0x34 ./Drivers/STM32L4xx_HAL_Driver/Src/stm32l4xx_hal_rcc_ex.o
 .ARM.attributes
                0x00000557       0x34 ./Drivers/STM32L4xx_HAL_Driver/Src/stm32l4xx_hal_tim.o
 .ARM.attributes
                0x0000058b       0x34 ./Drivers/STM32L4xx_HAL_Driver/Src/stm32l4xx_hal_tim_ex.o
 .ARM.attributes
                0x000005bf       0x34 ./Drivers/STM32L4xx_HAL_Driver/Src/stm32l4xx_ll_gpio.o
 .ARM.attributes
                0x000005f3       0x34 ./Drivers/STM32L4xx_HAL_Driver/Src/stm32l4xx_ll_rcc.o
 .ARM.attributes