../Drivers/LIS3DH_Driver/lis3dh_reg.c:48:16:lis3dh_read_reg	40	static
../Drivers/LIS3DH_Driver/lis3dh_reg.c:73:16:lis3dh_write_reg	40	static
../Drivers/LIS3DH_Driver/lis3dh_reg.c:101:9:lis3dh_from_fs2_hr_to_mg	16	static
../Drivers/LIS3DH_Driver/lis3dh_reg.c:106:9:lis3dh_from_fs4_hr_to_mg	16	static
../Drivers/LIS3DH_Driver/lis3dh_reg.c:111:9:lis3dh_from_fs8_hr_to_mg	16	static
../Drivers/LIS3DH_Driver/lis3dh_reg.c:116:9:lis3dh_from_fs16_hr_to_mg	16	static
../Drivers/LIS3DH_Driver/lis3dh_reg.c:121:9:lis3dh_from_lsb_hr_to_celsius	16	static
../Drivers/LIS3DH_Driver/lis3dh_reg.c:126:9:lis3dh_from_fs2_nm_to_mg	16	static
../Drivers/LIS3DH_Driver/lis3dh_reg.c:131:9:lis3dh_from_fs4_nm_to_mg	16	static
../Drivers/LIS3DH_Driver/lis3dh_reg.c:136:9:lis3dh_from_fs8_nm_to_mg	16	static
../Drivers/LIS3DH_Driver/lis3dh_reg.c:141:9:lis3dh_from_fs16_nm_to_mg	16	static
../Drivers/LIS3DH_Driver/lis3dh_reg.c:146:9:lis3dh_from_lsb_nm_to_celsius	16	static
../Drivers/LIS3DH_Driver/lis3dh_reg.c:151:9:lis3dh_from_fs2_lp_to_mg	16	static
../Drivers/LIS3DH_Driver/lis3dh_reg.c:156:9:lis3dh_from_fs4_lp_to_mg	16	static
../Drivers/LIS3DH_Driver/lis3dh_reg.c:161:9:lis3dh_from_fs8_lp_to_mg	16	static
../Drivers/LIS3DH_Driver/lis3dh_reg.c:166:9:lis3dh_from_fs16_lp_to_mg	16	static
../Drivers/LIS3DH_Driver/lis3dh_reg.c:171:9:lis3dh_from_lsb_lp_to_celsius	16	static
../Drivers/LIS3DH_Driver/lis3dh_reg.c:196:9:lis3dh_temp_status_reg_get	24	static
../Drivers/LIS3DH_Driver/lis3dh_reg.c:212:9:lis3dh_temp_data_ready_get	24	static
../Drivers/LIS3DH_Driver/lis3dh_reg.c:234:9:lis3dh_temp_data_ovr_get	24	static
../Drivers/LIS3DH_Driver/lis3dh_reg.c:256:9:lis3dh_temperature_raw_get	24	static
../Drivers/LIS3DH_Driver/lis3dh_reg.c:291:9:lis3dh_adc_raw_get	32	static
../Drivers/LIS3DH_Driver/lis3dh_reg.c:318:9:lis3dh_aux_adc_set	24	static
../Drivers/LIS3DH_Driver/lis3dh_reg.c:354:9:lis3dh_aux_adc_get	24	static
../Drivers/LIS3DH_Driver/lis3dh_reg.c:393:9:lis3dh_operating_mode_set	32	static
../Drivers/LIS3DH_Driver/lis3dh_reg.c:444:9:lis3dh_operating_mode_get	32	static
../Drivers/LIS3DH_Driver/lis3dh_reg.c:484:9:lis3dh_data_rate_set	24	static
../Drivers/LIS3DH_Driver/lis3dh_reg.c:508:9:lis3dh_data_rate_get	24	static
../Drivers/LIS3DH_Driver/lis3dh_reg.c:576:9:lis3dh_high_pass_on_outputs_set	24	static
../Drivers/LIS3DH_Driver/lis3dh_reg.c:602:9:lis3dh_high_pass_on_outputs_get	24	static
../Drivers/LIS3DH_Driver/lis3dh_reg.c:631:9:lis3dh_high_pass_bandwidth_set	24	static
../Drivers/LIS3DH_Driver/lis3dh_reg.c:662:9:lis3dh_high_pass_bandwidth_get	24	static
../Drivers/LIS3DH_Driver/lis3dh_reg.c:706:9:lis3dh_high_pass_mode_set	24	static
../Drivers/LIS3DH_Driver/lis3dh_reg.c:730:9:lis3dh_high_pass_mode_get	24	static
../Drivers/LIS3DH_Driver/lis3dh_reg.c:774:9:lis3dh_full_scale_set	24	static
../Drivers/LIS3DH_Driver/lis3dh_reg.c:798:9:lis3dh_full_scale_get	24	static
../Drivers/LIS3DH_Driver/lis3dh_reg.c:841:9:lis3dh_block_data_update_set	24	static
../Drivers/LIS3DH_Driver/lis3dh_reg.c:865:9:lis3dh_block_data_update_get	24	static
../Drivers/LIS3DH_Driver/lis3dh_reg.c:888:9:lis3dh_filter_reference_set	24	static
../Drivers/LIS3DH_Driver/lis3dh_reg.c:906:9:lis3dh_filter_reference_get	24	static
../Drivers/LIS3DH_Driver/lis3dh_reg.c:922:9:lis3dh_xl_data_ready_get	24	static
../Drivers/LIS3DH_Driver/lis3dh_reg.c:943:9:lis3dh_xl_data_ovr_get	24	static
../Drivers/LIS3DH_Driver/lis3dh_reg.c:964:9:lis3dh_acceleration_raw_get	32	static
../Drivers/LIS3DH_Driver/lis3dh_reg.c:1002:9:lis3dh_device_id_get	24	static
../Drivers/LIS3DH_Driver/lis3dh_reg.c:1018:9:lis3dh_self_test_set	24	static
../Drivers/LIS3DH_Driver/lis3dh_reg.c:1042:9:lis3dh_self_test_get	24	static
../Drivers/LIS3DH_Driver/lis3dh_reg.c:1081:9:lis3dh_data_format_set	24	static
../Drivers/LIS3DH_Driver/lis3dh_reg.c:1105:9:lis3dh_data_format_get	24	static
../Drivers/LIS3DH_Driver/lis3dh_reg.c:1140:9:lis3dh_boot_set	24	static
../Drivers/LIS3DH_Driver/lis3dh_reg.c:1164:9:lis3dh_boot_get	24	static
../Drivers/LIS3DH_Driver/lis3dh_reg.c:1186:9:lis3dh_status_get	24	static
../Drivers/LIS3DH_Driver/lis3dh_reg.c:1215:9:lis3dh_int1_gen_conf_set	24	static
../Drivers/LIS3DH_Driver/lis3dh_reg.c:1233:9:lis3dh_int1_gen_conf_get	24	static
../Drivers/LIS3DH_Driver/lis3dh_reg.c:1251:9:lis3dh_int1_gen_source_get	24	static
../Drivers/LIS3DH_Driver/lis3dh_reg.c:1270:9:lis3dh_int1_gen_threshold_set	24	static
../Drivers/LIS3DH_Driver/lis3dh_reg.c:1296:9:lis3dh_int1_gen_threshold_get	24	static
../Drivers/LIS3DH_Driver/lis3dh_reg.c:1319:9:lis3dh_int1_gen_duration_set	24	static
../Drivers/LIS3DH_Driver/lis3dh_reg.c:1346:9:lis3dh_int1_gen_duration_get	24	static
../Drivers/LIS3DH_Driver/lis3dh_reg.c:1382:9:lis3dh_int2_gen_conf_set	24	static
../Drivers/LIS3DH_Driver/lis3dh_reg.c:1400:9:lis3dh_int2_gen_conf_get	24	static
../Drivers/LIS3DH_Driver/lis3dh_reg.c:1417:9:lis3dh_int2_gen_source_get	24	static
../Drivers/LIS3DH_Driver/lis3dh_reg.c:1436:9:lis3dh_int2_gen_threshold_set	24	static
../Drivers/LIS3DH_Driver/lis3dh_reg.c:1462:9:lis3dh_int2_gen_threshold_get	24	static
../Drivers/LIS3DH_Driver/lis3dh_reg.c:1485:9:lis3dh_int2_gen_duration_set	24	static
../Drivers/LIS3DH_Driver/lis3dh_reg.c:1512:9:lis3dh_int2_gen_duration_get	24	static
../Drivers/LIS3DH_Driver/lis3dh_reg.c:1547:9:lis3dh_high_pass_int_conf_set	24	static
../Drivers/LIS3DH_Driver/lis3dh_reg.c:1572:9:lis3dh_high_pass_int_conf_get	24	static
../Drivers/LIS3DH_Driver/lis3dh_reg.c:1632:9:lis3dh_pin_int1_config_set	24	static
../Drivers/LIS3DH_Driver/lis3dh_reg.c:1650:9:lis3dh_pin_int1_config_get	24	static
../Drivers/LIS3DH_Driver/lis3dh_reg.c:1669:9:lis3dh_int2_pin_detect_4d_set	24	static
../Drivers/LIS3DH_Driver/lis3dh_reg.c:1694:9:lis3dh_int2_pin_detect_4d_get	24	static
../Drivers/LIS3DH_Driver/lis3dh_reg.c:1718:9:lis3dh_int2_pin_notification_mode_set	24	static
../Drivers/LIS3DH_Driver/lis3dh_reg.c:1745:9:lis3dh_int2_pin_notification_mode_get	24	static
../Drivers/LIS3DH_Driver/lis3dh_reg.c:1782:9:lis3dh_int1_pin_detect_4d_set	24	static
../Drivers/LIS3DH_Driver/lis3dh_reg.c:1807:9:lis3dh_int1_pin_detect_4d_get	24	static
../Drivers/LIS3DH_Driver/lis3dh_reg.c:1830:9:lis3dh_int1_pin_notification_mode_set	24	static
../Drivers/LIS3DH_Driver/lis3dh_reg.c:1856:9:lis3dh_int1_pin_notification_mode_get	24	static
../Drivers/LIS3DH_Driver/lis3dh_reg.c:1892:9:lis3dh_pin_int2_config_set	24	static
../Drivers/LIS3DH_Driver/lis3dh_reg.c:1910:9:lis3dh_pin_int2_config_get	24	static
../Drivers/LIS3DH_Driver/lis3dh_reg.c:1939:9:lis3dh_fifo_set	24	static
../Drivers/LIS3DH_Driver/lis3dh_reg.c:1963:9:lis3dh_fifo_get	24	static
../Drivers/LIS3DH_Driver/lis3dh_reg.c:1985:9:lis3dh_fifo_watermark_set	24	static
../Drivers/LIS3DH_Driver/lis3dh_reg.c:2011:9:lis3dh_fifo_watermark_get	24	static
../Drivers/LIS3DH_Driver/lis3dh_reg.c:2034:9:lis3dh_fifo_trigger_event_set	24	static
../Drivers/LIS3DH_Driver/lis3dh_reg.c:2061:9:lis3dh_fifo_trigger_event_get	24	static
../Drivers/LIS3DH_Driver/lis3dh_reg.c:2098:9:lis3dh_fifo_mode_set	24	static
../Drivers/LIS3DH_Driver/lis3dh_reg.c:2124:9:lis3dh_fifo_mode_get	24	static
../Drivers/LIS3DH_Driver/lis3dh_reg.c:2168:9:lis3dh_fifo_status_get	24	static
../Drivers/LIS3DH_Driver/lis3dh_reg.c:2185:9:lis3dh_fifo_data_level_get	24	static
../Drivers/LIS3DH_Driver/lis3dh_reg.c:2207:9:lis3dh_fifo_empty_flag_get	24	static
../Drivers/LIS3DH_Driver/lis3dh_reg.c:2229:9:lis3dh_fifo_ovr_flag_get	24	static
../Drivers/LIS3DH_Driver/lis3dh_reg.c:2251:9:lis3dh_fifo_fth_flag_get	24	static
../Drivers/LIS3DH_Driver/lis3dh_reg.c:2286:9:lis3dh_tap_conf_set	24	static
../Drivers/LIS3DH_Driver/lis3dh_reg.c:2304:9:lis3dh_tap_conf_get	24	static
../Drivers/LIS3DH_Driver/lis3dh_reg.c:2321:9:lis3dh_tap_source_get	24	static
../Drivers/LIS3DH_Driver/lis3dh_reg.c:2339:9:lis3dh_tap_threshold_set	24	static
../Drivers/LIS3DH_Driver/lis3dh_reg.c:2364:9:lis3dh_tap_threshold_get	24	static
../Drivers/LIS3DH_Driver/lis3dh_reg.c:2389:9:lis3dh_tap_notification_mode_set	24	static
../Drivers/LIS3DH_Driver/lis3dh_reg.c:2417:9:lis3dh_tap_notification_mode_get	24	static
../Drivers/LIS3DH_Driver/lis3dh_reg.c:2455:9:lis3dh_shock_dur_set	24	static
../Drivers/LIS3DH_Driver/lis3dh_reg.c:2481:9:lis3dh_shock_dur_get	24	static
../Drivers/LIS3DH_Driver/lis3dh_reg.c:2506:9:lis3dh_quiet_dur_set	24	static
../Drivers/LIS3DH_Driver/lis3dh_reg.c:2535:9:lis3dh_quiet_dur_get	24	static
../Drivers/LIS3DH_Driver/lis3dh_reg.c:2561:9:lis3dh_double_tap_timeout_set	24	static
../Drivers/LIS3DH_Driver/lis3dh_reg.c:2590:9:lis3dh_double_tap_timeout_get	24	static
../Drivers/LIS3DH_Driver/lis3dh_reg.c:2628:9:lis3dh_act_threshold_set	24	static
../Drivers/LIS3DH_Driver/lis3dh_reg.c:2654:9:lis3dh_act_threshold_get	24	static
../Drivers/LIS3DH_Driver/lis3dh_reg.c:2677:9:lis3dh_act_timeout_set	24	static
../Drivers/LIS3DH_Driver/lis3dh_reg.c:2702:9:lis3dh_act_timeout_get	24	static
../Drivers/LIS3DH_Driver/lis3dh_reg.c:2737:9:lis3dh_pin_sdo_sa0_mode_set	24	static
../Drivers/LIS3DH_Driver/lis3dh_reg.c:2762:9:lis3dh_pin_sdo_sa0_mode_get	24	static
../Drivers/LIS3DH_Driver/lis3dh_reg.c:2798:9:lis3dh_spi_mode_set	24	static
../Drivers/LIS3DH_Driver/lis3dh_reg.c:2822:9:lis3dh_spi_mode_get	24	static
