C:/Users/Chris/STM32CubeIDE/workspace_1.16.1/STM32L431RBT6TR_Template_Repository/SoarOS/Core/Inc/Command.hpp:48:21:GLOBAL_COMMANDS Command::GetCommand() const	16	static
C:/Users/Chris/STM32CubeIDE/workspace_1.16.1/STM32L431RBT6TR_Template_Repository/SoarOS/Core/Inc/Command.hpp:49:14:uint16_t Command::GetTaskCommand() const	16	static
../Core/Src/OscillatorTask.hpp:38:26:static OscillatorTask& OscillatorTask::Inst()	8	static
../Core/Src/OscillatorTask.hpp:49:15:static void OscillatorTask::RunTask(void*)	16	static
C:/Users/Chris/STM32CubeIDE/workspace_1.16.1/STM32L431RBT6TR_Template_Repository/SoarOS/Drivers/Inc/UARTDriver.hpp:22:7:constexpr UARTReceiverBase::UARTReceiverBase()	16	static
../Core/Src/OscillatorTask.cpp:38:1:OscillatorTask::OscillatorTask()	16	static
../Core/Src/OscillatorTask.cpp:54:6:virtual void OscillatorTask::InitTask()	32	static
../Core/Src/OscillatorTask.cpp:72:6:void OscillatorTask::Run(void*)	32	static
../Core/Src/OscillatorTask.cpp:112:6:void OscillatorTask::HandleUARTMessage(const char*)	16	static
../Core/Src/OscillatorTask.cpp:131:6:bool OscillatorTask::ReceiveData()	16	static
../Core/Src/OscillatorTask.cpp:137:6:virtual void OscillatorTask::InterruptRxData(uint8_t)	32	static
../Core/Src/OscillatorTask.cpp:174:9:static int32_t OscillatorTask::ExtractIntParameter(const char*, uint16_t)	24	static
