C:/Users/Chris/STM32CubeIDE/workspace_1.16.1/STM32L431RBT6TR_Template_Repository/SoarOS/Core/Inc/Command.hpp:48:21:GLOBAL_COMMANDS Command::GetCommand() const	16	static
C:/Users/Chris/STM32CubeIDE/workspace_1.16.1/STM32L431RBT6TR_Template_Repository/SoarOS/Core/Inc/Command.hpp:49:14:uint16_t Command::GetTaskCommand() const	16	static
../Core/Src/OscillatorTask.hpp:42:26:static OscillatorTask& OscillatorTask::Inst()	8	static
../Core/Src/OscillatorTask.hpp:54:15:static void OscillatorTask::RunTask(void*)	16	static
../Core/Src/OscillatorLogger.hpp:36:30:static OscillatorLogger& OscillatorLogger::Inst()	8	static
C:/Users/Chris/STM32CubeIDE/workspace_1.16.1/STM32L431RBT6TR_Template_Repository/SoarOS/Drivers/Inc/UARTDriver.hpp:22:7:constexpr UARTReceiverBase::UARTReceiverBase()	16	static
../Core/Src/OscillatorTask.cpp:39:1:OscillatorTask::OscillatorTask()	16	static
../Core/Src/OscillatorTask.cpp:57:6:virtual void OscillatorTask::InitTask()	32	static
../Core/Src/OscillatorTask.cpp:72:6:void OscillatorTask::ReadFlashLog()	40	static
../Core/Src/OscillatorTask.cpp:88:6:void OscillatorTask::Run(void*)	32	static
../Core/Src/OscillatorTask.cpp:114:6:void OscillatorTask::HandleUARTMessage(const char*)	16	static
../Core/Src/OscillatorTask.cpp:135:6:bool OscillatorTask::ReceiveData()	16	static
../Core/Src/OscillatorTask.cpp:141:6:virtual void OscillatorTask::InterruptRxData(uint8_t)	32	static
../Core/Src/OscillatorTask.cpp:178:9:static int32_t OscillatorTask::ExtractIntParameter(const char*, uint16_t)	24	static
