C:/Users/Chris/STM32CubeIDE/workspace_1.16.1/STM32L431RBT6TR_Template_Repository/SoarOS/Core/Inc/Command.hpp:48:21:GLOBAL_COMMANDS Command::GetCommand() const	16	static
C:/Users/Chris/STM32CubeIDE/workspace_1.16.1/STM32L431RBT6TR_Template_Repository/SoarOS/Core/Inc/Command.hpp:49:14:uint16_t Command::GetTaskCommand() const	16	static
../Core/Src/OscillatorTask.hpp:37:26:static OscillatorTask& OscillatorTask::Inst()	8	static
../Core/Src/OscillatorTask.hpp:48:15:static void OscillatorTask::RunTask(void*)	16	static
C:/Users/Chris/STM32CubeIDE/workspace_1.16.1/STM32L431RBT6TR_Template_Repository/SoarOS/Drivers/Inc/UARTDriver.hpp:22:7:constexpr UARTReceiverBase::UARTReceiverBase()	16	static
../Core/Src/OscillatorTask.cpp:38:1:OscillatorTask::OscillatorTask()	16	static
../Core/Src/OscillatorTask.cpp:48:6:virtual void OscillatorTask::InitTask()	32	static
../Core/Src/OscillatorTask.cpp:66:6:void OscillatorTask::Run(void*)	32	static
../Core/Src/OscillatorTask.cpp:90:6:void OscillatorTask::HandleOscillatorMessage(const char*)	16	static
../Core/Src/OscillatorTask.cpp:120:6:bool OscillatorTask::ReceiveData()	16	static
../Core/Src/OscillatorTask.cpp:126:6:virtual void OscillatorTask::InterruptRxData(uint8_t)	32	static
../Core/Src/OscillatorTask.cpp:163:9:static int32_t OscillatorTask::ExtractIntParameter(const char*, uint16_t)	24	static
