/Users/gillianhabermehl/Documents/SOAR/STM32L431RBT6TR_Template_Repository/SoarOS/Core/Inc/Command.hpp:48:21:GLOBAL_COMMANDS Command::GetCommand() const	16	static
/Users/gillianhabermehl/Documents/SOAR/STM32L431RBT6TR_Template_Repository/SoarOS/Core/Inc/Command.hpp:49:14:uint16_t Command::GetTaskCommand() const	16	static
../Core/Src/OscillatorTask.hpp:37:26:static OscillatorTask& OscillatorTask::Inst()	8	static
../Core/Src/OscillatorTask.hpp:48:15:static void OscillatorTask::RunTask(void*)	16	static
/Users/gillianhabermehl/Documents/SOAR/STM32L431RBT6TR_Template_Repository/SoarOS/Drivers/Inc/UARTDriver.hpp:22:7:constexpr UARTReceiverBase::UARTReceiverBase()	16	static
../Core/Src/OscillatorTask.cpp:44:1:OscillatorTask::OscillatorTask()	16	static
../Core/Src/OscillatorTask.cpp:62:6:virtual void OscillatorTask::InitTask()	32	static
../Core/Src/OscillatorTask.cpp:77:6:void OscillatorTask::ReadFlashLog()	96	static
../Core/Src/OscillatorTask.cpp:92:6:void OscillatorTask::DumpFlashCSV()	96	static
../Core/Src/OscillatorTask.cpp:124:6:void OscillatorTask::Run(void*)	104	static
../Core/Src/OscillatorTask.cpp:211:6:void OscillatorTask::HandleUARTMessage(const char*)	16	static
../Core/Src/OscillatorTask.cpp:231:6:bool OscillatorTask::ReceiveData()	16	static
../Core/Src/OscillatorTask.cpp:237:6:virtual void OscillatorTask::InterruptRxData(uint8_t)	32	static
../Core/Src/OscillatorTask.cpp:274:9:static int32_t OscillatorTask::ExtractIntParameter(const char*, uint16_t)	24	static
